Component: ARM Compiler 5.06 update 7 (build 960) Tool: armlink [4d3601]

==============================================================================

Section Cross References

    startup_stm32h723xx.o(RESET) refers to startup_stm32h723xx.o(STACK) for __initial_sp
    startup_stm32h723xx.o(RESET) refers to startup_stm32h723xx.o(.text) for Reset_Handler
    startup_stm32h723xx.o(RESET) refers to stm32h7xx_it.o(i.NMI_Handler) for NMI_Handler
    startup_stm32h723xx.o(RESET) refers to stm32h7xx_it.o(i.HardFault_Handler) for HardFault_Handler
    startup_stm32h723xx.o(RESET) refers to stm32h7xx_it.o(i.MemManage_Handler) for MemManage_Handler
    startup_stm32h723xx.o(RESET) refers to stm32h7xx_it.o(i.BusFault_Handler) for BusFault_Handler
    startup_stm32h723xx.o(RESET) refers to stm32h7xx_it.o(i.UsageFault_Handler) for UsageFault_Handler
    startup_stm32h723xx.o(RESET) refers to port.o(.emb_text) for SVC_Handler
    startup_stm32h723xx.o(RESET) refers to stm32h7xx_it.o(i.DebugMon_Handler) for DebugMon_Handler
    startup_stm32h723xx.o(RESET) refers to cmsis_os2.o(i.SysTick_Handler) for SysTick_Handler
    startup_stm32h723xx.o(RESET) refers to stm32h7xx_it.o(i.DMA1_Stream0_IRQHandler) for DMA1_Stream0_IRQHandler
    startup_stm32h723xx.o(RESET) refers to stm32h7xx_it.o(i.DMA1_Stream2_IRQHandler) for DMA1_Stream2_IRQHandler
    startup_stm32h723xx.o(RESET) refers to stm32h7xx_it.o(i.DMA1_Stream4_IRQHandler) for DMA1_Stream4_IRQHandler
    startup_stm32h723xx.o(RESET) refers to stm32h7xx_it.o(i.FDCAN1_IT0_IRQHandler) for FDCAN1_IT0_IRQHandler
    startup_stm32h723xx.o(RESET) refers to stm32h7xx_it.o(i.FDCAN2_IT0_IRQHandler) for FDCAN2_IT0_IRQHandler
    startup_stm32h723xx.o(RESET) refers to stm32h7xx_it.o(i.TIM4_IRQHandler) for TIM4_IRQHandler
    startup_stm32h723xx.o(RESET) refers to stm32h7xx_it.o(i.USART2_IRQHandler) for USART2_IRQHandler
    startup_stm32h723xx.o(RESET) refers to stm32h7xx_it.o(i.TIM8_BRK_TIM12_IRQHandler) for TIM8_BRK_TIM12_IRQHandler
    startup_stm32h723xx.o(RESET) refers to stm32h7xx_it.o(i.TIM8_UP_TIM13_IRQHandler) for TIM8_UP_TIM13_IRQHandler
    startup_stm32h723xx.o(RESET) refers to stm32h7xx_it.o(i.TIM5_IRQHandler) for TIM5_IRQHandler
    startup_stm32h723xx.o(RESET) refers to stm32h7xx_it.o(i.UART5_IRQHandler) for UART5_IRQHandler
    startup_stm32h723xx.o(RESET) refers to stm32h7xx_it.o(i.OTG_HS_IRQHandler) for OTG_HS_IRQHandler
    startup_stm32h723xx.o(RESET) refers to stm32h7xx_it.o(i.UART7_IRQHandler) for UART7_IRQHandler
    startup_stm32h723xx.o(RESET) refers to stm32h7xx_it.o(i.UART8_IRQHandler) for UART8_IRQHandler
    startup_stm32h723xx.o(RESET) refers to stm32h7xx_it.o(i.UART9_IRQHandler) for UART9_IRQHandler
    startup_stm32h723xx.o(RESET) refers to stm32h7xx_it.o(i.USART10_IRQHandler) for USART10_IRQHandler
    startup_stm32h723xx.o(RESET) refers to stm32h7xx_it.o(i.FDCAN3_IT0_IRQHandler) for FDCAN3_IT0_IRQHandler
    startup_stm32h723xx.o(.text) refers to system_stm32h7xx.o(i.ExitRun0Mode) for ExitRun0Mode
    startup_stm32h723xx.o(.text) refers to system_stm32h7xx.o(i.SystemInit) for SystemInit
    startup_stm32h723xx.o(.text) refers to entry.o(.ARM.Collect$$$$00000000) for __main
    main.o(i.HAL_TIM_PeriodElapsedCallback) refers to stm32h7xx_hal.o(i.HAL_IncTick) for HAL_IncTick
    main.o(i.MPU_Config) refers to stm32h7xx_hal_cortex.o(i.HAL_MPU_Disable) for HAL_MPU_Disable
    main.o(i.MPU_Config) refers to stm32h7xx_hal_cortex.o(i.HAL_MPU_ConfigRegion) for HAL_MPU_ConfigRegion
    main.o(i.MPU_Config) refers to stm32h7xx_hal_cortex.o(i.HAL_MPU_Enable) for HAL_MPU_Enable
    main.o(i.SystemClock_Config) refers to memseta.o(.text) for __aeabi_memclr4
    main.o(i.SystemClock_Config) refers to stm32h7xx_hal_pwr_ex.o(i.HAL_PWREx_ConfigSupply) for HAL_PWREx_ConfigSupply
    main.o(i.SystemClock_Config) refers to stm32h7xx_hal_rcc.o(i.HAL_RCC_OscConfig) for HAL_RCC_OscConfig
    main.o(i.SystemClock_Config) refers to main.o(i.Error_Handler) for Error_Handler
    main.o(i.SystemClock_Config) refers to stm32h7xx_hal_rcc.o(i.HAL_RCC_ClockConfig) for HAL_RCC_ClockConfig
    main.o(i.main) refers to main.o(i.MPU_Config) for MPU_Config
    main.o(i.main) refers to stm32h7xx_hal.o(i.HAL_Init) for HAL_Init
    main.o(i.main) refers to main.o(i.SystemClock_Config) for SystemClock_Config
    main.o(i.main) refers to gpio.o(i.MX_GPIO_Init) for MX_GPIO_Init
    main.o(i.main) refers to dma.o(i.MX_DMA_Init) for MX_DMA_Init
    main.o(i.main) refers to tim.o(i.MX_TIM2_Init) for MX_TIM2_Init
    main.o(i.main) refers to tim.o(i.MX_TIM4_Init) for MX_TIM4_Init
    main.o(i.main) refers to usart.o(i.MX_UART5_Init) for MX_UART5_Init
    main.o(i.main) refers to usart.o(i.MX_UART7_Init) for MX_UART7_Init
    main.o(i.main) refers to fdcan.o(i.MX_FDCAN1_Init) for MX_FDCAN1_Init
    main.o(i.main) refers to fdcan.o(i.MX_FDCAN2_Init) for MX_FDCAN2_Init
    main.o(i.main) refers to fdcan.o(i.MX_FDCAN3_Init) for MX_FDCAN3_Init
[...]
    chassis_motor3_pid_param                 0x240001a4   Data          24  chassis.o(.data)
    chassis_motor4_pid_param                 0x240001bc   Data          24  chassis.o(.data)
    lift_change                              0x240001d4   Data           4  lift.o(.data)
    weapon_joint_motor_pid_param             0x240001d8   Data          24  weapon.o(.data)
    weapon_joint_input                       0x240001f0   Data           4  weapon.o(.data)
    h_compensation                           0x240001f4   Data           4  weapon.o(.data)
    BUT_flag                                 0x240001f8   Data           7  timer.o(.data)
    but_read                                 0x240001ff   Data           3  timer.o(.data)
    sent_flag                                0x24000202   Data           1  cowork.o(.data)
    uart8_tx_buf                             0x24000203   Data           8  cowork.o(.data)
    four_sent                                0x2400020b   Data           4  cowork.o(.data)
    th_sent                                  0x2400020f   Data           5  cowork.o(.data)
    led01                                    0x24000214   Data           1  cowork.o(.data)
    led02                                    0x24000215   Data           1  cowork.o(.data)
    auto_flag                                0x24000218   Data           1  auto_mode.o(.data)
    arm_s_start_time                         0x2400021c   Data           4  auto_mode.o(.data)
    arm_s_running                            0x24000220   Data           1  auto_mode.o(.data)
    auto_start_time                          0x24000224   Data           4  auto_mode.o(.data)
    auto_running                             0x24000228   Data           1  auto_mode.o(.data)
    auto_init_flag                           0x24000229   Data           1  auto_mode.o(.data)
    hold_running                             0x2400022a   Data           1  auto_mode.o(.data)
    hold_start_time                          0x2400022b   Data           1  auto_mode.o(.data)
    hold_flag                                0x2400022c   Data           1  auto_mode.o(.data)
    b                                        0x24000230   Data           4  auto_mode.o(.data)
    h                                        0x24000234   Data           4  auto_mode.o(.data)
    mid_x                                    0x24000238   Data           4  auto_mode.o(.data)
    mid_y                                    0x2400023c   Data           4  auto_mode.o(.data)
    mid_yaw                                  0x24000240   Data           4  auto_mode.o(.data)
    mid_x_last                               0x24000244   Data           4  auto_mode.o(.data)
    mid_y_last                               0x24000248   Data           4  auto_mode.o(.data)
    mid_yaw_last                             0x2400024c   Data           4  auto_mode.o(.data)
    diff_x                                   0x24000250   Data           4  auto_mode.o(.data)
    diff_y                                   0x24000254   Data           4  auto_mode.o(.data)
    diff_w                                   0x24000258   Data           4  auto_mode.o(.data)
    yaw_rad                                  0x2400025c   Data           4  auto_mode.o(.data)
    auto_x                                   0x24000260   Data           4  auto_mode.o(.data)
    auto_y                                   0x24000264   Data           4  auto_mode.o(.data)
    debug_go_flag                            0x24000268   Data           1  auto_mode.o(.data)
    debug_target_x                           0x2400026c   Data           4  auto_mode.o(.data)
    debug_target_y                           0x24000270   Data           4  auto_mode.o(.data)
    debug_target_w                           0x24000274   Data           4  auto_mode.o(.data)
    pi_max                                   0x24000284   Data           4  auto_mode.o(.data)
    auto_id                                  0x24000288   Data           8  auto_mode.o(.data)
    omega_imax                               0x24000290   Data           4  auto_mode.o(.data)
    omega_i                                  0x24000294   Data           4  auto_mode.o(.data)
    RCctrl                                   0x24000298   Data          46  remote_control.o(.data)
    SBUS_RC                                  0x240002c6   Data          34  remote_control.o(.data)
    exceed_num                               0x240002e8   Data           4  motor_control.o(.data)
    v_diff                                   0x240002ec   Data           4  motor_control.o(.data)
    v_diff_last                              0x240002f0   Data           4  motor_control.o(.data)
    diff_i                                   0x240002f4   Data           4  motor_control.o(.data)
    i_range                                  0x240002f8   Data           4  motor_control.o(.data)
    v_amp                                    0x240002fc   Data           4  motor_control.o(.data)
    vpid                                     0x24000300   Data          12  motor_control.o(.data)
    position_origin1                         0x2400030c   Data           4  motor_control.o(.data)
    position_origin2                         0x24000310   Data           4  motor_control.o(.data)
    p_diff                                   0x24000314   Data           4  motor_control.o(.data)
    p_diff_last                              0x24000318   Data           4  motor_control.o(.data)
    p_diff_i                                 0x2400031c   Data           4  motor_control.o(.data)
    p_amp                                    0x24000320   Data           4  motor_control.o(.data)
    ppid                                     0x24000324   Data          12  motor_control.o(.data)
    r2_hide                                  0x24000330   Data           1  arm.o(.data)
    a                                        0x24000334   Data           4  arm.o(.data)
    p                                        0x24000338   Data           4  arm.o(.data)
    d                                        0x2400033c   Data           4  arm.o(.data)
    target_1                                 0x24000340   Data           4  arm.o(.data)
    target_2                                 0x24000344   Data           4  arm.o(.data)
    target_3                                 0x24000348   Data           4  arm.o(.data)
    kf                                       0x2400034c   Data           4  policy.o(.data)
    path_len                                 0x24000350   Data           4  policy.o(.data)
    picked_cnt                               0x24000354   Data           4  policy.o(.data)
    removed_k1                               0x24000358   Data           4  policy.o(.data)
    target_k2                                0x2400035c   Data           4  policy.o(.data)
    USBD_Interface_fops_HS                   0x24000378   Data          20  usbd_cdc_if.o(.data)
    HS_Desc                                  0x24000390   Data          32  usbd_desc.o(.data)
    USBD_HS_DeviceDesc                       0x240003b0   Data          18  usbd_desc.o(.data)
    USBD_HS_BOSDesc                          0x240003c4   Data          12  usbd_desc.o(.data)
    USBD_LangIDDesc                          0x240003d0   Data           4  usbd_desc.o(.data)
    USBD_StringSerial                        0x240003d4   Data          26  usbd_desc.o(.data)
    USBD_CDC                                 0x240003fc   Data          56  usbd_cdc.o(.data)
    hfdcan1                                  0x24000480   Data         160  fdcan.o(.bss)
    hfdcan2                                  0x24000520   Data         160  fdcan.o(.bss)
    hfdcan3                                  0x240005c0   Data         160  fdcan.o(.bss)
    htim1                                    0x24000660   Data          76  tim.o(.bss)
    htim2                                    0x240006ac   Data          76  tim.o(.bss)
    htim4                                    0x240006f8   Data          76  tim.o(.bss)
    htim5                                    0x24000744   Data          76  tim.o(.bss)
    htim12                                   0x24000790   Data          76  tim.o(.bss)
    huart5                                   0x240007dc   Data         148  usart.o(.bss)
    huart7                                   0x24000870   Data         148  usart.o(.bss)
    huart8                                   0x24000904   Data         148  usart.o(.bss)
    huart9                                   0x24000998   Data         148  usart.o(.bss)
    huart2                                   0x24000a2c   Data         148  usart.o(.bss)
    huart10                                  0x24000ac0   Data         148  usart.o(.bss)
    hdma_uart5_rx                            0x24000b54   Data         120  usart.o(.bss)
    hdma_uart7_rx                            0x24000bcc   Data         120  usart.o(.bss)
    hdma_usart2_rx                           0x24000c44   Data         120  usart.o(.bss)
    hdma_usart10_rx                          0x24000cbc   Data         120  usart.o(.bss)
    htim8                                    0x24000d34   Data          76  stm32h7xx_hal_timebase_tim.o(.bss)
    latest_odom                              0x24000d80   Data          24  upper_pc_protocol.o(.bss)
    rx_buf                                   0x24000d98   Data          70  upper_pc_protocol.o(.bss)
    xQueueRegistry                           0x24000e20   Data          64  queue.o(.bss)
    Chassis                                  0x24005700   Data         124  chassis.o(.bss)
    chassis_angle1                           0x2400577c   Data         264  chassis.o(.bss)
    chassis_angle2                           0x24005884   Data         264  chassis.o(.bss)
    chassis_angle3                           0x2400598c   Data         264  chassis.o(.bss)
    chassis_angle4                           0x24005a94   Data         264  chassis.o(.bss)
    chassis_motor1                           0x24005b9c   Data         412  chassis.o(.bss)
    chassis_motor2                           0x24005d38   Data         412  chassis.o(.bss)
    chassis_motor3                           0x24005ed4   Data         412  chassis.o(.bss)
    chassis_motor4                           0x24006070   Data         412  chassis.o(.bss)
    target_angle                             0x2400620c   Data          16  chassis.o(.bss)
    angle_last                               0x2400621c   Data          16  chassis.o(.bss)
    angle_diff                               0x2400622c   Data          16  chassis.o(.bss)
    wheel_sp                                 0x2400623c   Data          16  chassis.o(.bss)
    angle_now                                0x2400624c   Data          16  chassis.o(.bss)
    auto_Vout                                0x2400625c   Data          16  chassis.o(.bss)
    Kfs                                      0x2400626c   Data          88  kfs.o(.bss)
    kfs_arm_1                                0x240062c4   Data         264  kfs.o(.bss)
    kfs_arm_2                                0x240063cc   Data         264  kfs.o(.bss)
    kfs_arm_3                                0x240064d4   Data         264  kfs.o(.bss)
    kfs_catch                                0x240065dc   Data         264  kfs.o(.bss)
    k_catch                                  0x240066e4   Data          20  kfs.o(.bss)
    Lift                                     0x240066f8   Data          80  lift.o(.bss)
    R2_lift_motor_left                       0x24006748   Data         264  lift.o(.bss)
    R2_lift_motor_right                      0x24006850   Data         264  lift.o(.bss)
    lift_left                                0x24006958   Data          20  lift.o(.bss)
    lift_right                               0x2400696c   Data          20  lift.o(.bss)
    weapon_joint_motor                       0x24006980   Data         412  weapon.o(.bss)
    weapon_collect_motor                     0x24006b1c   Data         264  weapon.o(.bss)
    Weapon                                   0x24006c24   Data          80  weapon.o(.bss)
    hold_weapon                              0x24006c74   Data          20  weapon.o(.bss)
    chassis_coord                            0x24006c88   Data          20  auto_mode.o(.bss)
    auto_i                                   0x24006c9c   Data          12  auto_mode.o(.bss)
    auto_last_err                            0x24006ca8   Data          12  auto_mode.o(.bss)
    g_sensor_task_data                       0x24006cb4   Data          24  sensor_task.o(.bss)
    SBUS_MultiRx_Buf                         0x24006ccc   Data         100  remote_control.o(.bss)
    REMOTE_BUF                               0x24006d30   Data          32  remote_control.o(.bss)
    arm                                      0x24006d50   Data          12  arm.o(.bss)
    angles                                   0x24006d5c   Data          12  arm.o(.bss)
    Torque                                   0x24006d68   Data          12  arm.o(.bss)
    kfs1                                     0x24006d74   Data          12  policy.o(.bss)
    kfs2                                     0x24006d80   Data          16  policy.o(.bss)
    path                                     0x24006d90   Data          80  policy.o(.bss)
    picked_k2                                0x24006de0   Data          16  policy.o(.bss)
    UserRxBufferHS                           0x24007490   Data        2048  usbd_cdc_if.o(.bss)
    UserTxBufferHS                           0x24007c90   Data        2048  usbd_cdc_if.o(.bss)
    hUsbDeviceHS                             0x24008490   Data         732  usb_device.o(.bss)
    USBD_StrDesc                             0x2400876c   Data         512  usbd_desc.o(.bss)
    hpcd_USB_OTG_HS                          0x2400896c   Data        1252  usbd_conf.o(.bss)
    __initial_sp                             0x24009470   Data           0  startup_stm32h723xx.o(STACK)



==============================================================================

Memory Map of the image

  Image Entry point : 0x080002cd

  Load Region LR_IROM1 (Base: 0x08000000, Size: 0x0001beb4, Max: 0x00100000, ABSOLUTE, COMPRESSED[0x0001bba0])

    Execution Region ER_IROM1 (Exec base: 0x08000000, Load base: 0x08000000, Size: 0x0001ba34, Max: 0x00100000, ABSOLUTE)

    Exec Addr    Load Addr    Size         Type   Attr      Idx    E Section Name        Object

    0x08000000   0x08000000   0x000002cc   Data   RO            3    RESET               startup_stm32h723xx.o
    0x080002cc   0x080002cc   0x00000000   Code   RO        10480  * .ARM.Collect$$$$00000000  mc_w.l(entry.o)
    0x080002cc   0x080002cc   0x00000004   Code   RO        10540    .ARM.Collect$$$$00000001  mc_w.l(entry2.o)
    0x080002d0   0x080002d0   0x00000004   Code   RO        10543    .ARM.Collect$$$$00000004  mc_w.l(entry5.o)
    0x080002d4   0x080002d4   0x00000000   Code   RO        10545    .ARM.Collect$$$$00000008  mc_w.l(entry7b.o)
    0x080002d4   0x080002d4   0x00000000   Code   RO        10547    .ARM.Collect$$$$0000000A  mc_w.l(entry8b.o)
    0x080002d4   0x080002d4   0x00000008   Code   RO        10548    .ARM.Collect$$$$0000000B  mc_w.l(entry9a.o)
    0x080002dc   0x080002dc   0x00000004   Code   RO        10555    .ARM.Collect$$$$0000000E  mc_w.l(entry12b.o)
    0x080002e0   0x080002e0   0x00000000   Code   RO        10550    .ARM.Collect$$$$0000000F  mc_w.l(entry10a.o)
    0x080002e0   0x080002e0   0x00000000   Code   RO        10552    .ARM.Collect$$$$00000011  mc_w.l(entry11a.o)
    0x080002e0   0x080002e0   0x00000004   Code   RO        10541    .ARM.Collect$$$$00002712  mc_w.l(entry2.o)
    0x080002e4   0x080002e4   0x000000be   Code   RO         8239    .emb_text           port.o
    0x080003a2   0x080003a2   0x00000002   PAD
    0x080003a4   0x080003a4   0x0000002c   Code   RO            4    .text               startup_stm32h723xx.o
    0x080003d0   0x080003d0   0x00000062   Code   RO        10483    .text               mc_w.l(uldiv.o)
    0x08000432   0x08000432   0x00000024   Code   RO        10485    .text               mc_w.l(memcpya.o)
    0x08000456   0x08000456   0x00000024   Code   RO        10489    .text               mc_w.l(memseta.o)
    0x0800047a   0x0800047a   0x0000001e   Code   RO        10556    .text               mc_w.l(llshl.o)
    0x08000498   0x08000498   0x00000020   Code   RO        10558    .text               mc_w.l(llushr.o)
    0x080004b8   0x080004b8   0x00000000   Code   RO        10567    .text               mc_w.l(iusefp.o)
    0x080004b8   0x080004b8   0x00000088   Code   RO        10568    .text               mf_w.l(drnd.o)
    0x08000540   0x08000540   0x00000086   Code   RO        10570    .text               mf_w.l(drem.o)
    0x080005c6   0x080005c6   0x00000002   PAD
    0x080005c8   0x080005c8   0x00000024   Code   RO        10582    .text               mc_w.l(init.o)
    0x080005ec   0x080005ec   0x000000ba   Code   RO        10584    .text               mf_w.l(depilogue.o)
    0x080006a6   0x080006a6   0x00000056   Code   RO        10594    .text               mc_w.l(__dczerorl2.o)
    0x080006fc   0x080006fc   0x000002e4   Code   RO         9398    i.Arm_Inverse_Solution  arm.o
    0x080009e0   0x080009e0   0x00001e24   Code   RO         9399    i.Arm_task          arm.o
    0x08002804   0x08002804   0x00000968   Code   RO         8939    i.Auto_Init         auto_mode.o
    0x0800316c   0x0800316c   0x00000148   Code   RO         8319    i.BSP_CAN_Init      bsp_can.o
    0x080032b4   0x080032b4   0x0000008c   Code   RO         8372    i.BSP_USART_Init    bsp_uart.o
    0x08003340   0x08003340   0x00000048   Code   RO         8821    i.BUT_check         timer.o
    0x08003388   0x08003388   0x0000000a   Code   RO         9207    i.BaseModule_ClearError  global.o
    0x08003392   0x08003392   0x00000006   Code   RO         9208    i.BaseModule_GetState  global.o
    0x08003398   0x08003398   0x0000000a   Code   RO         9209    i.BaseModule_Init   global.o
    0x080033a2   0x080033a2   0x00000006   Code   RO         9210    i.BaseModule_Run    global.o
    0x080033a8   0x080033a8   0x00000006   Code   RO         9211    i.BaseModule_Stop   global.o
    0x080033ae   0x080033ae   0x00000004   Code   RO          644    i.BusFault_Handler  stm32h7xx_it.o
    0x080033b2   0x080033b2   0x0000004e   Code   RO         9516    i.CDC_Control_HS    usbd_cdc_if.o
    0x08003400   0x08003400   0x00000004   Code   RO         9517    i.CDC_DeInit_HS     usbd_cdc_if.o
    0x08003404   0x08003404   0x00000040   Code   RO         9518    i.CDC_Init_HS       usbd_cdc_if.o
    0x08003444   0x08003444   0x0000003c   Code   RO         9519    i.CDC_Receive_HS    usbd_cdc_if.o
    0x08003480   0x08003480   0x00000020   Code   RO         9520    i.CDC_TransmitCplt_HS  usbd_cdc_if.o
    0x080034a0   0x080034a0   0x00000038   Code   RO         9521    i.CDC_Transmit_HS   usbd_cdc_if.o
    0x080034d8   0x080034d8   0x00000654   Code   RO         8588    i.Chassis_Calc      chassis.o
    0x08003b2c   0x08003b2c   0x00000198   Code   RO         9255    i.Chassis_Init      register.o
    0x08003cc4   0x08003cc4   0x00000062   Code   RO         9151    i.Check_Cells_Status  remote_control.o
    0x08003d26   0x08003d26   0x0000000c   Code   RO          350    i.Check_Task        freertos.o
    0x08003d32   0x08003d32   0x00000016   Code   RO         8439    i.DJIget_moto_offset  dji_motor.o
    0x08003d48   0x08003d48   0x000000a4   Code   RO         8440    i.DJIget_motor_measure  dji_motor.o
    0x08003dec   0x08003dec   0x000000a4   Code   RO         8441    i.DJImotor_Create   dji_motor.o
    0x08003e90   0x08003e90   0x0000006e   Code   RO         8442    i.DJIset_motor_data  dji_motor.o
    0x08003efe   0x08003efe   0x00000002   PAD
    0x08003f00   0x08003f00   0x00000010   Code   RO          645    i.DMA1_Stream0_IRQHandler  stm32h7xx_it.o
    0x08003f10   0x08003f10   0x00000010   Code   RO          646    i.DMA1_Stream2_IRQHandler  stm32h7xx_it.o
    0x08003f20   0x08003f20   0x00000010   Code   RO          647    i.DMA1_Stream4_IRQHandler  stm32h7xx_it.o
    0x08003f30   0x08003f30   0x000000ec   Code   RO         3220    i.DMA_CalcBaseAndBitshift  stm32h7xx_hal_dma.o
    0x0800401c   0x0800401c   0x000000c4   Code   RO         3221    i.DMA_CalcDMAMUXChannelBaseAndMask  stm32h7xx_hal_dma.o
    0x080040e0   0x080040e0   0x00000098   Code   RO         3222    i.DMA_CalcDMAMUXRequestGenBaseAndMask  stm32h7xx_hal_dma.o
    0x08004178   0x08004178   0x000000ae   Code   RO         3223    i.DMA_CheckFifoParam  stm32h7xx_hal_dma.o
    0x08004226   0x08004226   0x00000002   PAD
    0x08004228   0x08004228   0x000000ec   Code   RO         3336    i.DMA_MultiBufferSetConfig  stm32h7xx_hal_dma_ex.o
    0x08004314   0x08004314   0x00000274   Code   RO         3224    i.DMA_SetConfig     stm32h7xx_hal_dma.o
    0x08004588   0x08004588   0x00000090   Code   RO         8490    i.DM_Motor_CMD      dm_motor.o
    0x08004618   0x08004618   0x00000284   Code   RO         8491    i.DMget_motor_measure  dm_motor.o
    0x0800489c   0x0800489c   0x00000078   Code   RO         8492    i.DMmotor_Create    dm_motor.o
    0x08004914   0x08004914   0x00000300   Code   RO         8493    i.DMset_mit_data    dm_motor.o
    0x08004c14   0x08004c14   0x00000068   Code   RO         8494    i.DMset_posvel_data  dm_motor.o
    0x08004c7c   0x08004c7c   0x00000002   Code   RO          648    i.DebugMon_Handler  stm32h7xx_it.o
    0x08004c7e   0x08004c7e   0x00000006   Code   RO           13    i.Error_Handler     main.o
    0x08004c84   0x08004c84   0x00000024   Code   RO         6185    i.ExitRun0Mode      system_stm32h7xx.o
    0x08004ca8   0x08004ca8   0x00000010   Code   RO          649    i.FDCAN1_IT0_IRQHandler  stm32h7xx_it.o
    0x08004cb8   0x08004cb8   0x00000010   Code   RO          650    i.FDCAN2_IT0_IRQHandler  stm32h7xx_it.o
    0x08004cc8   0x08004cc8   0x00000010   Code   RO          651    i.FDCAN3_IT0_IRQHandler  stm32h7xx_it.o
    0x08004cd8   0x08004cd8   0x00000220   Code   RO         5019    i.FDCAN_CalculateRamBlockAddresses  stm32h7xx_hal_fdcan.o
    0x08004ef8   0x08004ef8   0x000000d0   Code   RO         5020    i.FDCAN_CopyMessageToRAM  stm32h7xx_hal_fdcan.o
    0x08004fc8   0x08004fc8   0x000001b8   Code   RO         9016    i.Free_Task         can_task.o
    0x08005180   0x08005180   0x00000034   Code   RO         9639    i.Get_SerialNum     usbd_desc.o
    0x080051b4   0x080051b4   0x00000320   Code   RO         3343    i.HAL_DMAEx_MultiBufferStart  stm32h7xx_hal_dma_ex.o
    0x080054d4   0x080054d4   0x000004dc   Code   RO         3225    i.HAL_DMA_Abort     stm32h7xx_hal_dma.o
    0x080059b0   0x080059b0   0x00000398   Code   RO         3226    i.HAL_DMA_Abort_IT  stm32h7xx_hal_dma.o
    0x08005d48   0x08005d48   0x00000af8   Code   RO         3230    i.HAL_DMA_IRQHandler  stm32h7xx_hal_dma.o
    0x08006840   0x08006840   0x00000514   Code   RO         3231    i.HAL_DMA_Init      stm32h7xx_hal_dma.o
    0x08006d54   0x08006d54   0x000003e0   Code   RO         3235    i.HAL_DMA_Start_IT  stm32h7xx_hal_dma.o
    0x08007134   0x08007134   0x00000028   Code   RO         4080    i.HAL_Delay         stm32h7xx_hal.o
    0x0800715c   0x0800715c   0x000000a8   Code   RO         5022    i.HAL_FDCAN_ActivateNotification  stm32h7xx_hal_fdcan.o
    0x08007204   0x08007204   0x00000090   Code   RO         5024    i.HAL_FDCAN_AddMessageToTxFifoQ  stm32h7xx_hal_fdcan.o
    0x08007294   0x08007294   0x00000002   Code   RO         5025    i.HAL_FDCAN_ClockCalibrationCallback  stm32h7xx_hal_fdcan.o
    0x08007296   0x08007296   0x000000a8   Code   RO         5029    i.HAL_FDCAN_ConfigFilter  stm32h7xx_hal_fdcan.o
    0x0800733e   0x0800733e   0x00000034   Code   RO         5030    i.HAL_FDCAN_ConfigGlobalFilter  stm32h7xx_hal_fdcan.o
    0x08007372   0x08007372   0x00000002   Code   RO         5051    i.HAL_FDCAN_ErrorCallback  stm32h7xx_hal_fdcan.o
    0x08007374   0x08007374   0x00000054   Code   RO         8320    i.HAL_FDCAN_ErrorStatusCallback  bsp_can.o
    0x080073c8   0x080073c8   0x00000210   Code   RO         5063    i.HAL_FDCAN_GetRxMessage  stm32h7xx_hal_fdcan.o
    0x080075d8   0x080075d8   0x00000002   Code   RO         5069    i.HAL_FDCAN_HighPriorityMessageCallback  stm32h7xx_hal_fdcan.o
    0x080075da   0x080075da   0x00000002   PAD
    0x080075dc   0x080075dc   0x000003d4   Code   RO         5070    i.HAL_FDCAN_IRQHandler  stm32h7xx_hal_fdcan.o
    0x080079b0   0x080079b0   0x000002e0   Code   RO         5071    i.HAL_FDCAN_Init    stm32h7xx_hal_fdcan.o
    0x08007c90   0x08007c90   0x0000020c   Code   RO          446    i.HAL_FDCAN_MspInit  fdcan.o
    0x08007e9c   0x08007e9c   0x00000002   Code   RO         5080    i.HAL_FDCAN_RxBufferNewMessageCallback  stm32h7xx_hal_fdcan.o
    0x08007e9e   0x08007e9e   0x00000002   PAD
    0x08007ea0   0x08007ea0   0x00000180   Code   RO         8321    i.HAL_FDCAN_RxFifo0Callback  bsp_can.o
    0x08008020   0x08008020   0x00000002   Code   RO         5082    i.HAL_FDCAN_RxFifo1Callback  stm32h7xx_hal_fdcan.o
    0x08008022   0x08008022   0x00000034   Code   RO         5083    i.HAL_FDCAN_Start   stm32h7xx_hal_fdcan.o
    0x08008056   0x08008056   0x00000002   Code   RO         5105    i.HAL_FDCAN_TT_GlobalTimeCallback  stm32h7xx_hal_fdcan.o
    0x08008058   0x08008058   0x00000002   Code   RO         5106    i.HAL_FDCAN_TT_ScheduleSyncCallback  stm32h7xx_hal_fdcan.o
    0x0800805a   0x0800805a   0x00000002   Code   RO         5111    i.HAL_FDCAN_TT_StopWatchCallback  stm32h7xx_hal_fdcan.o
    0x0800805c   0x0800805c   0x00000002   Code   RO         5112    i.HAL_FDCAN_TT_TimeMarkCallback  stm32h7xx_hal_fdcan.o
    0x0800805e   0x0800805e   0x00000002   Code   RO         5113    i.HAL_FDCAN_TimeoutOccurredCallback  stm32h7xx_hal_fdcan.o
    0x08008060   0x08008060   0x00000002   Code   RO         5114    i.HAL_FDCAN_TimestampWraparoundCallback  stm32h7xx_hal_fdcan.o
    0x08008062   0x08008062   0x00000002   Code   RO         5115    i.HAL_FDCAN_TxBufferAbortCallback  stm32h7xx_hal_fdcan.o
    0x08008064   0x08008064   0x00000002   Code   RO         5116    i.HAL_FDCAN_TxBufferCompleteCallback  stm32h7xx_hal_fdcan.o
    0x08008066   0x08008066   0x00000002   Code   RO         5117    i.HAL_FDCAN_TxEventFifoCallback  stm32h7xx_hal_fdcan.o
    0x08008068   0x08008068   0x00000002   Code   RO         5118    i.HAL_FDCAN_TxFifoEmptyCallback  stm32h7xx_hal_fdcan.o
    0x0800806a   0x0800806a   0x00000002   PAD
    0x0800806c   0x0800806c   0x000001fc   Code   RO         3073    i.HAL_GPIO_Init     stm32h7xx_hal_gpio.o
    0x08008268   0x08008268   0x0000000c   Code   RO         3077    i.HAL_GPIO_WritePin  stm32h7xx_hal_gpio.o
    0x08008274   0x08008274   0x0000000c   Code   RO         4096    i.HAL_GetTick       stm32h7xx_hal.o
    0x08008280   0x08008280   0x00000018   Code   RO         4102    i.HAL_IncTick       stm32h7xx_hal.o
    0x08008298   0x08008298   0x00000060   Code   RO         4103    i.HAL_Init          stm32h7xx_hal.o
    0x080082f8   0x080082f8   0x00000094   Code   RO          835    i.HAL_InitTick      stm32h7xx_hal_timebase_tim.o
    0x0800838c   0x0800838c   0x0000005c   Code   RO         3916    i.HAL_MPU_ConfigRegion  stm32h7xx_hal_cortex.o
    0x080083e8   0x080083e8   0x00000020   Code   RO         3917    i.HAL_MPU_Disable   stm32h7xx_hal_cortex.o
    0x08008408   0x08008408   0x00000028   Code   RO         3919    i.HAL_MPU_Enable    stm32h7xx_hal_cortex.o
    0x08008430   0x08008430   0x00000030   Code   RO          811    i.HAL_MspInit       stm32h7xx_hal_msp.o
    0x08008460   0x08008460   0x00000028   Code   RO         3923    i.HAL_NVIC_EnableIRQ  stm32h7xx_hal_cortex.o
    0x08008488   0x08008488   0x0000007a   Code   RO         3929    i.HAL_NVIC_SetPriority  stm32h7xx_hal_cortex.o
    0x08008502   0x08008502   0x00000002   PAD
    0x08008504   0x08008504   0x00000028   Code   RO         3930    i.HAL_NVIC_SetPriorityGrouping  stm32h7xx_hal_cortex.o
    0x0800852c   0x0800852c   0x00000028   Code   RO         2142    i.HAL_PCDEx_ActivateLPM  stm32h7xx_hal_pcd_ex.o
    0x08008554   0x08008554   0x00000002   Code   RO         2147    i.HAL_PCDEx_LPM_Callback  stm32h7xx_hal_pcd_ex.o
    0x08008556   0x08008556   0x0000000a   Code   RO         2148    i.HAL_PCDEx_SetRxFiFo  stm32h7xx_hal_pcd_ex.o
    0x08008560   0x08008560   0x0000004e   Code   RO         2149    i.HAL_PCDEx_SetTxFiFo  stm32h7xx_hal_pcd_ex.o
    0x080085ae   0x080085ae   0x0000000e   Code   RO         9726    i.HAL_PCD_ConnectCallback  usbd_conf.o
    0x080085bc   0x080085bc   0x00000020   Code   RO         9727    i.HAL_PCD_DataInStageCallback  usbd_conf.o
    0x080085dc   0x080085dc   0x00000020   Code   RO         9728    i.HAL_PCD_DataOutStageCallback  usbd_conf.o
    0x080085fc   0x080085fc   0x0000000e   Code   RO         9729    i.HAL_PCD_DisconnectCallback  usbd_conf.o
    0x0800860a   0x0800860a   0x00000042   Code   RO         1913    i.HAL_PCD_EP_Abort  stm32h7xx_hal_pcd.o
    0x0800864c   0x0800864c   0x0000006a   Code   RO         1914    i.HAL_PCD_EP_Close  stm32h7xx_hal_pcd.o
    0x080086b6   0x080086b6   0x0000007c   Code   RO         1915    i.HAL_PCD_EP_ClrStall  stm32h7xx_hal_pcd.o
    0x08008732   0x08008732   0x00000016   Code   RO         1917    i.HAL_PCD_EP_GetRxCount  stm32h7xx_hal_pcd.o
    0x08008748   0x08008748   0x0000008e   Code   RO         1918    i.HAL_PCD_EP_Open   stm32h7xx_hal_pcd.o
    0x080087d6   0x080087d6   0x00000046   Code   RO         1919    i.HAL_PCD_EP_Receive  stm32h7xx_hal_pcd.o
    0x0800881c   0x0800881c   0x0000008a   Code   RO         1920    i.HAL_PCD_EP_SetStall  stm32h7xx_hal_pcd.o
    0x080088a6   0x080088a6   0x00000048   Code   RO         1921    i.HAL_PCD_EP_Transmit  stm32h7xx_hal_pcd.o
    0x080088ee   0x080088ee   0x00000736   Code   RO         1923    i.HAL_PCD_IRQHandler  stm32h7xx_hal_pcd.o
    0x08009024   0x08009024   0x00000012   Code   RO         9730    i.HAL_PCD_ISOINIncompleteCallback  usbd_conf.o
    0x08009036   0x08009036   0x00000012   Code   RO         9731    i.HAL_PCD_ISOOUTIncompleteCallback  usbd_conf.o
    0x08009048   0x08009048   0x0000015e   Code   RO         1926    i.HAL_PCD_Init      stm32h7xx_hal_pcd.o
    0x080091a6   0x080091a6   0x00000002   PAD
    0x080091a8   0x080091a8   0x00000070   Code   RO         9733    i.HAL_PCD_MspInit   usbd_conf.o
    0x08009218   0x08009218   0x00000030   Code   RO         9734    i.HAL_PCD_ResetCallback  usbd_conf.o
    0x08009248   0x08009248   0x0000000e   Code   RO         9735    i.HAL_PCD_ResumeCallback  usbd_conf.o
    0x08009256   0x08009256   0x0000000e   Code   RO         9736    i.HAL_PCD_SOFCallback  usbd_conf.o
    0x08009264   0x08009264   0x00000034   Code   RO         1932    i.HAL_PCD_SetAddress  stm32h7xx_hal_pcd.o
    0x08009298   0x08009298   0x00000012   Code   RO         9737    i.HAL_PCD_SetupStageCallback  usbd_conf.o
    0x080092aa   0x080092aa   0x0000004c   Code   RO         1935    i.HAL_PCD_Start     stm32h7xx_hal_pcd.o
    0x080092f6   0x080092f6   0x00000002   PAD
    0x080092f8   0x080092f8   0x00000034   Code   RO         9738    i.HAL_PCD_SuspendCallback  usbd_conf.o
    0x0800932c   0x0800932c   0x00000060   Code   RO         3674    i.HAL_PWREx_ConfigSupply  stm32h7xx_hal_pwr_ex.o
    0x0800938c   0x0800938c   0x00000014   Code   RO         3691    i.HAL_PWREx_EnableUSBVoltageDetector  stm32h7xx_hal_pwr_ex.o
    0x080093a0   0x080093a0   0x00000024   Code   RO         2616    i.HAL_RCCEx_GetD3PCLK1Freq  stm32h7xx_hal_rcc_ex.o
    0x080093c4   0x080093c4   0x00000230   Code   RO         2618    i.HAL_RCCEx_GetPLL2ClockFreq  stm32h7xx_hal_rcc_ex.o
    0x080095f4   0x080095f4   0x00000230   Code   RO         2619    i.HAL_RCCEx_GetPLL3ClockFreq  stm32h7xx_hal_rcc_ex.o
    0x08009824   0x08009824   0x00000cc8   Code   RO         2625    i.HAL_RCCEx_PeriphCLKConfig  stm32h7xx_hal_rcc_ex.o
    0x0800a4ec   0x0800a4ec   0x00000320   Code   RO         2501    i.HAL_RCC_ClockConfig  stm32h7xx_hal_rcc.o
    0x0800a80c   0x0800a80c   0x0000006c   Code   RO         2505    i.HAL_RCC_GetClockConfig  stm32h7xx_hal_rcc.o
    0x0800a878   0x0800a878   0x0000004c   Code   RO         2506    i.HAL_RCC_GetHCLKFreq  stm32h7xx_hal_rcc.o
    0x0800a8c4   0x0800a8c4   0x00000024   Code   RO         2508    i.HAL_RCC_GetPCLK1Freq  stm32h7xx_hal_rcc.o
    0x0800a8e8   0x0800a8e8   0x00000024   Code   RO         2509    i.HAL_RCC_GetPCLK2Freq  stm32h7xx_hal_rcc.o
    0x0800a90c   0x0800a90c   0x0000022c   Code   RO         2510    i.HAL_RCC_GetSysClockFreq  stm32h7xx_hal_rcc.o
    0x0800ab38   0x0800ab38   0x0000075c   Code   RO         2513    i.HAL_RCC_OscConfig  stm32h7xx_hal_rcc.o
    0x0800b294   0x0800b294   0x00000098   Code   RO         6061    i.HAL_RS485Ex_Init  stm32h7xx_hal_uart_ex.o
    0x0800b32c   0x0800b32c   0x00000002   Code   RO         1601    i.HAL_TIMEx_Break2Callback  stm32h7xx_hal_tim_ex.o
    0x0800b32e   0x0800b32e   0x00000002   Code   RO         1602    i.HAL_TIMEx_BreakCallback  stm32h7xx_hal_tim_ex.o
    0x0800b330   0x0800b330   0x00000002   Code   RO         1603    i.HAL_TIMEx_CommutCallback  stm32h7xx_hal_tim_ex.o
    0x0800b332   0x0800b332   0x00000002   PAD
    0x0800b334   0x0800b334   0x000000c8   Code   RO         1605    i.HAL_TIMEx_ConfigBreakDeadTime  stm32h7xx_hal_tim_ex.o
    0x0800b3fc   0x0800b3fc   0x000000e4   Code   RO         1624    i.HAL_TIMEx_MasterConfigSynchronization  stm32h7xx_hal_tim_ex.o
    0x0800b4e0   0x0800b4e0   0x0000006e   Code   RO          876    i.HAL_TIM_Base_Init  stm32h7xx_hal_tim.o
    0x0800b54e   0x0800b54e   0x00000002   PAD
    0x0800b550   0x0800b550   0x00000114   Code   RO          501    i.HAL_TIM_Base_MspInit  tim.o
    0x0800b664   0x0800b664   0x000000c0   Code   RO          879    i.HAL_TIM_Base_Start  stm32h7xx_hal_tim.o
    0x0800b724   0x0800b724   0x000000cc   Code   RO          881    i.HAL_TIM_Base_Start_IT  stm32h7xx_hal_tim.o
    0x0800b7f0   0x0800b7f0   0x00000134   Code   RO          885    i.HAL_TIM_ConfigClockSource  stm32h7xx_hal_tim.o
    0x0800b924   0x0800b924   0x00000002   Code   RO          910    i.HAL_TIM_IC_CaptureCallback  stm32h7xx_hal_tim.o
    0x0800b926   0x0800b926   0x00000198   Code   RO          924    i.HAL_TIM_IRQHandler  stm32h7xx_hal_tim.o
    0x0800babe   0x0800babe   0x00000002   PAD
    0x0800bac0   0x0800bac0   0x000000a4   Code   RO          502    i.HAL_TIM_MspPostInit  tim.o
    0x0800bb64   0x0800bb64   0x00000002   Code   RO          927    i.HAL_TIM_OC_DelayElapsedCallback  stm32h7xx_hal_tim.o
    0x0800bb66   0x0800bb66   0x00000170   Code   RO          948    i.HAL_TIM_PWM_ConfigChannel  stm32h7xx_hal_tim.o
    0x0800bcd6   0x0800bcd6   0x0000006e   Code   RO          951    i.HAL_TIM_PWM_Init  stm32h7xx_hal_tim.o
    0x0800bd44   0x0800bd44   0x00000002   Code   RO          953    i.HAL_TIM_PWM_MspInit  stm32h7xx_hal_tim.o
    0x0800bd46   0x0800bd46   0x00000002   Code   RO          954    i.HAL_TIM_PWM_PulseFinishedCallback  stm32h7xx_hal_tim.o
    0x0800bd48   0x0800bd48   0x0000017c   Code   RO          956    i.HAL_TIM_PWM_Start  stm32h7xx_hal_tim.o
    0x0800bec4   0x0800bec4   0x00000018   Code   RO           14    i.HAL_TIM_PeriodElapsedCallback  main.o
    0x0800bedc   0x0800bedc   0x00000002   Code   RO          967    i.HAL_TIM_TriggerCallback  stm32h7xx_hal_tim.o
    0x0800bede   0x0800bede   0x0000004e   Code   RO         6062    i.HAL_UARTEx_DisableFifoMode  stm32h7xx_hal_uart_ex.o
    0x0800bf2c   0x0800bf2c   0x00000570   Code   RO         8373    i.HAL_UARTEx_RxEventCallback  bsp_uart.o
    0x0800c49c   0x0800c49c   0x00000002   Code   RO         6070    i.HAL_UARTEx_RxFifoFullCallback  stm32h7xx_hal_uart_ex.o
    0x0800c49e   0x0800c49e   0x0000005e   Code   RO         6071    i.HAL_UARTEx_SetRxFifoThreshold  stm32h7xx_hal_uart_ex.o
    0x0800c4fc   0x0800c4fc   0x0000005e   Code   RO         6072    i.HAL_UARTEx_SetTxFifoThreshold  stm32h7xx_hal_uart_ex.o
    0x0800c55a   0x0800c55a   0x00000002   Code   RO         6074    i.HAL_UARTEx_TxFifoEmptyCallback  stm32h7xx_hal_uart_ex.o
    0x0800c55c   0x0800c55c   0x00000002   Code   RO         6075    i.HAL_UARTEx_WakeupCallback  stm32h7xx_hal_uart_ex.o
    0x0800c55e   0x0800c55e   0x00000002   Code   RO         8374    i.HAL_UART_ErrorCallback  bsp_uart.o
    0x0800c560   0x0800c560   0x000004b6   Code   RO         5665    i.HAL_UART_IRQHandler  stm32h7xx_hal_uart.o
    0x0800ca16   0x0800ca16   0x00000078   Code   RO         5666    i.HAL_UART_Init     stm32h7xx_hal_uart.o
    0x0800ca8e   0x0800ca8e   0x00000002   PAD
    0x0800ca90   0x0800ca90   0x000004ec   Code   RO          573    i.HAL_UART_MspInit  usart.o
    0x0800cf7c   0x0800cf7c   0x0000005c   Code   RO         5670    i.HAL_UART_Receive_DMA  stm32h7xx_hal_uart.o
    0x0800cfd8   0x0800cfd8   0x00000002   Code   RO         8375    i.HAL_UART_RxCpltCallback  bsp_uart.o
    0x0800cfda   0x0800cfda   0x00000002   Code   RO         5674    i.HAL_UART_RxHalfCpltCallback  stm32h7xx_hal_uart.o
    0x0800cfdc   0x0800cfdc   0x000000d4   Code   RO         5675    i.HAL_UART_Transmit  stm32h7xx_hal_uart.o
    0x0800d0b0   0x0800d0b0   0x00000002   Code   RO         5678    i.HAL_UART_TxCpltCallback  stm32h7xx_hal_uart.o
    0x0800d0b2   0x0800d0b2   0x00000002   PAD
    0x0800d0b4   0x0800d0b4   0x00000654   Code   RO         9017    i.HF_Task           can_task.o
    0x0800d708   0x0800d708   0x00000004   Code   RO          652    i.HardFault_Handler  stm32h7xx_it.o
    0x0800d70c   0x0800d70c   0x00000032   Code   RO         7648    i.IRQ_Context       cmsis_os2.o
    0x0800d73e   0x0800d73e   0x0000003e   Code   RO         9640    i.IntToUnicode      usbd_desc.o
    0x0800d77c   0x0800d77c   0x000000d4   Code   RO         8855    i.JudgeRelativeSize_Global  cowork.o
    0x0800d850   0x0800d850   0x00000148   Code   RO         9256    i.Kfs_Init          register.o
    0x0800d998   0x0800d998   0x00000318   Code   RO         9018    i.LF_Task           can_task.o
    0x0800dcb0   0x0800dcb0   0x000000e4   Code   RO         9257    i.Lift_Init         register.o
    0x0800dd94   0x0800dd94   0x0000005c   Code   RO           15    i.MPU_Config        main.o
    0x0800ddf0   0x0800ddf0   0x00000064   Code   RO          421    i.MX_DMA_Init       dma.o
    0x0800de54   0x0800de54   0x00000084   Code   RO          447    i.MX_FDCAN1_Init    fdcan.o
    0x0800ded8   0x0800ded8   0x00000084   Code   RO          448    i.MX_FDCAN2_Init    fdcan.o
    0x0800df5c   0x0800df5c   0x00000084   Code   RO          449    i.MX_FDCAN3_Init    fdcan.o
    0x0800dfe0   0x0800dfe0   0x00000088   Code   RO          352    i.MX_FREERTOS_Init  freertos.o
    0x0800e068   0x0800e068   0x00000148   Code   RO          326    i.MX_GPIO_Init      gpio.o
    0x0800e1b0   0x0800e1b0   0x00000070   Code   RO          503    i.MX_TIM12_Init     tim.o
    0x0800e220   0x0800e220   0x000000f8   Code   RO          504    i.MX_TIM1_Init      tim.o
    0x0800e318   0x0800e318   0x000000b4   Code   RO          505    i.MX_TIM2_Init      tim.o
    0x0800e3cc   0x0800e3cc   0x00000080   Code   RO          506    i.MX_TIM4_Init      tim.o
    0x0800e44c   0x0800e44c   0x00000080   Code   RO          507    i.MX_TIM5_Init      tim.o
    0x0800e4cc   0x0800e4cc   0x00000074   Code   RO          574    i.MX_UART5_Init     usart.o
    0x0800e540   0x0800e540   0x0000006c   Code   RO          575    i.MX_UART7_Init     usart.o
    0x0800e5ac   0x0800e5ac   0x0000006c   Code   RO          576    i.MX_UART8_Init     usart.o
    0x0800e618   0x0800e618   0x0000006c   Code   RO          577    i.MX_UART9_Init     usart.o
    0x0800e684   0x0800e684   0x00000070   Code   RO          578    i.MX_USART10_UART_Init  usart.o
    0x0800e6f4   0x0800e6f4   0x00000070   Code   RO          579    i.MX_USART2_UART_Init  usart.o
    0x0800e764   0x0800e764   0x00000050   Code   RO         9600    i.MX_USB_DEVICE_Init  usb_device.o
    0x0800e7b4   0x0800e7b4   0x00000004   Code   RO          653    i.MemManage_Handler  stm32h7xx_it.o
    0x0800e7b8   0x0800e7b8   0x00000070   Code   RO         8553    i.MotorModule_Create  motor.o
    0x0800e828   0x0800e828   0x00000012   Code   RO         8554    i.MotorModule_Init  motor.o
    0x0800e83a   0x0800e83a   0x00000004   Code   RO         8555    i.MotorModule_Run   motor.o
    0x0800e83e   0x0800e83e   0x00000002   PAD
    0x0800e840   0x0800e840   0x00000094   Code   RO         8443    i.Motor_PID_Calculate  dji_motor.o
    0x0800e8d4   0x0800e8d4   0x00000004   Code   RO          654    i.NMI_Handler       stm32h7xx_it.o
    0x0800e8d8   0x0800e8d8   0x00000010   Code   RO          655    i.OTG_HS_IRQHandler  stm32h7xx_it.o
    0x0800e8e8   0x0800e8e8   0x00000064   Code   RO         1938    i.PCD_EP_OutSetupPacket_int  stm32h7xx_hal_pcd.o
    0x0800e94c   0x0800e94c   0x00000144   Code   RO         1939    i.PCD_EP_OutXfrComplete_int  stm32h7xx_hal_pcd.o
    0x0800ea90   0x0800ea90   0x000000b6   Code   RO         1940    i.PCD_WriteEmptyTxFifo  stm32h7xx_hal_pcd.o
    0x0800eb46   0x0800eb46   0x00000002   PAD
    0x0800eb48   0x0800eb48   0x00000038   Code   RO         9304    i.PID_Calc_Clear    pid.o
    0x0800eb80   0x0800eb80   0x0000002c   Code   RO         9305    i.PID_ErrorHandle   pid.o
    0x0800ebac   0x0800ebac   0x00000030   Code   RO         9306    i.PID_Init          pid.o
    0x0800ebdc   0x0800ebdc   0x00000046   Code   RO         9307    i.PID_Param_Init    pid.o
    0x0800ec22   0x0800ec22   0x00000002   PAD
    0x0800ec24   0x0800ec24   0x00000164   Code   RO         2628    i.RCCEx_PLL2_Config  stm32h7xx_hal_rcc_ex.o
    0x0800ed88   0x0800ed88   0x00000164   Code   RO         2629    i.RCCEx_PLL3_Config  stm32h7xx_hal_rcc_ex.o
    0x0800eeec   0x0800eeec   0x000000fc   Code   RO         8376    i.REMOTE_ExtractFrame  bsp_uart.o
    0x0800efe8   0x0800efe8   0x0000014c   Code   RO         8377    i.REMOTE_IdleHandler  bsp_uart.o
    0x0800f134   0x0800f134   0x00000230   Code   RO         9152    i.REMOTE_ParseData  remote_control.o
    0x0800f364   0x0800f364   0x00000012   Code   RO        10103    i.SWAPBYTE          usbd_ctlreq.o
    0x0800f376   0x0800f376   0x00000002   PAD
    0x0800f378   0x0800f378   0x00000058   Code   RO         9111    i.Sensor_Task       sensor_task.o
    0x0800f3d0   0x0800f3d0   0x0000024c   Code   RO         9019    i.Sent_Task         can_task.o
    0x0800f61c   0x0800f61c   0x0000000e   Code   RO          354    i.StartDefaultTask  freertos.o
    0x0800f62a   0x0800f62a   0x0000002c   Code   RO         9258    i.Structue_Init     register.o
    0x0800f656   0x0800f656   0x0000006e   Code   RO         8736    i.StructureModule_AddMotor  structure.o
    0x0800f6c4   0x0800f6c4   0x00000058   Code   RO         8737    i.StructureModule_Create  structure.o
    0x0800f71c   0x0800f71c   0x00000012   Code   RO         8738    i.StructureModule_Init  structure.o
    0x0800f72e   0x0800f72e   0x0000000e   Code   RO         8739    i.StructureModule_Run  structure.o
    0x0800f73c   0x0800f73c   0x0000006e   Code   RO         8856    i.SwapNumArray      cowork.o
    0x0800f7aa   0x0800f7aa   0x00000016   Code   RO         7652    i.SysTick_Handler   cmsis_os2.o
    0x0800f7c0   0x0800f7c0   0x000000bc   Code   RO           16    i.SystemClock_Config  main.o
    0x0800f87c   0x0800f87c   0x0000010c   Code   RO         6187    i.SystemInit        system_stm32h7xx.o
    0x0800f988   0x0800f988   0x00000028   Code   RO          656    i.TIM4_IRQHandler   stm32h7xx_it.o
    0x0800f9b0   0x0800f9b0   0x00000028   Code   RO          657    i.TIM5_IRQHandler   stm32h7xx_it.o
    0x0800f9d8   0x0800f9d8   0x00000010   Code   RO          658    i.TIM8_BRK_TIM12_IRQHandler  stm32h7xx_it.o
    0x0800f9e8   0x0800f9e8   0x00000010   Code   RO          659    i.TIM8_UP_TIM13_IRQHandler  stm32h7xx_it.o
    0x0800f9f8   0x0800f9f8   0x000000e8   Code   RO          969    i.TIM_Base_SetConfig  stm32h7xx_hal_tim.o
    0x0800fae0   0x0800fae0   0x00000022   Code   RO          970    i.TIM_CCxChannelCmd  stm32h7xx_hal_tim.o
    0x0800fb02   0x0800fb02   0x00000016   Code   RO          980    i.TIM_ETR_SetConfig  stm32h7xx_hal_tim.o
    0x0800fb18   0x0800fb18   0x00000018   Code   RO          981    i.TIM_ITRx_SetConfig  stm32h7xx_hal_tim.o
    0x0800fb30   0x0800fb30   0x000000b0   Code   RO          982    i.TIM_OC1_SetConfig  stm32h7xx_hal_tim.o
    0x0800fbe0   0x0800fbe0   0x000000b8   Code   RO          983    i.TIM_OC2_SetConfig  stm32h7xx_hal_tim.o
    0x0800fc98   0x0800fc98   0x000000b8   Code   RO          984    i.TIM_OC3_SetConfig  stm32h7xx_hal_tim.o
    0x0800fd50   0x0800fd50   0x00000074   Code   RO          985    i.TIM_OC4_SetConfig  stm32h7xx_hal_tim.o
    0x0800fdc4   0x0800fdc4   0x00000070   Code   RO          986    i.TIM_OC5_SetConfig  stm32h7xx_hal_tim.o
    0x0800fe34   0x0800fe34   0x00000070   Code   RO          987    i.TIM_OC6_SetConfig  stm32h7xx_hal_tim.o
    0x0800fea4   0x0800fea4   0x0000006c   Code   RO          989    i.TIM_TI1_ConfigInputStage  stm32h7xx_hal_tim.o
    0x0800ff10   0x0800ff10   0x0000006c   Code   RO          991    i.TIM_TI2_ConfigInputStage  stm32h7xx_hal_tim.o
    0x0800ff7c   0x0800ff7c   0x00000228   Code   RO         9400    i.Torque_Comp_global  arm.o
    0x080101a4   0x080101a4   0x00000058   Code   RO          660    i.UART5_IRQHandler  stm32h7xx_it.o
    0x080101fc   0x080101fc   0x00000010   Code   RO          661    i.UART7_IRQHandler  stm32h7xx_it.o
    0x0801020c   0x0801020c   0x00000010   Code   RO          662    i.UART8_IRQHandler  stm32h7xx_it.o
    0x0801021c   0x0801021c   0x00000010   Code   RO          663    i.UART9_IRQHandler  stm32h7xx_it.o
    0x0801022c   0x0801022c   0x00000058   Code   RO         6076    i.UARTEx_SetNbDataToProcess  stm32h7xx_hal_uart_ex.o
    0x08010284   0x08010284   0x000000f8   Code   RO         5680    i.UART_AdvFeatureConfig  stm32h7xx_hal_uart.o
    0x0801037c   0x0801037c   0x000000ea   Code   RO         5681    i.UART_CheckIdleState  stm32h7xx_hal_uart.o
    0x08010466   0x08010466   0x0000000e   Code   RO         5682    i.UART_DMAAbortOnError  stm32h7xx_hal_uart.o
    0x08010474   0x08010474   0x00000052   Code   RO         5683    i.UART_DMAError     stm32h7xx_hal_uart.o
    0x080104c6   0x080104c6   0x00000002   PAD
    0x080104c8   0x080104c8   0x00000178   Code   RO         5684    i.UART_DMAReceiveCplt  stm32h7xx_hal_uart.o
    0x08010640   0x08010640   0x000000f4   Code   RO         5686    i.UART_DMARxHalfCplt  stm32h7xx_hal_uart.o
    0x08010734   0x08010734   0x0000006c   Code   RO         5692    i.UART_EndRxTransfer  stm32h7xx_hal_uart.o
    0x080107a0   0x080107a0   0x00000030   Code   RO         5693    i.UART_EndTransmit_IT  stm32h7xx_hal_uart.o
    0x080107d0   0x080107d0   0x00000040   Code   RO         5694    i.UART_EndTxTransfer  stm32h7xx_hal_uart.o
    0x08010810   0x08010810   0x00000628   Code   RO         5699    i.UART_SetConfig    stm32h7xx_hal_uart.o
    0x08010e38   0x08010e38   0x000000c8   Code   RO         5700    i.UART_Start_Receive_DMA  stm32h7xx_hal_uart.o
    0x08010f00   0x08010f00   0x000000ac   Code   RO         5706    i.UART_WaitOnFlagUntilTimeout  stm32h7xx_hal_uart.o
    0x08010fac   0x08010fac   0x000000ac   Code   RO          664    i.USART10_IRQHandler  stm32h7xx_it.o
    0x08011058   0x08011058   0x00000010   Code   RO          665    i.USART2_IRQHandler  stm32h7xx_it.o
    0x08011068   0x08011068   0x00000048   Code   RO         8378    i.USART_RxDMA_MultiBufferStart  bsp_uart.o
    0x080110b0   0x080110b0   0x000000be   Code   RO        10274    i.USBD_CDC_DataIn   usbd_cdc.o
    0x0801116e   0x0801116e   0x00000048   Code   RO        10275    i.USBD_CDC_DataOut  usbd_cdc.o
    0x080111b6   0x080111b6   0x00000002   PAD
    0x080111b8   0x080111b8   0x000000d4   Code   RO        10276    i.USBD_CDC_DeInit   usbd_cdc.o
    0x0801128c   0x0801128c   0x00000050   Code   RO        10277    i.USBD_CDC_EP0_RxReady  usbd_cdc.o
    0x080112dc   0x080112dc   0x00000010   Code   RO        10278    i.USBD_CDC_GetDeviceQualifierDescriptor  usbd_cdc.o
    0x080112ec   0x080112ec   0x00000044   Code   RO        10279    i.USBD_CDC_GetFSCfgDesc  usbd_cdc.o
    0x08011330   0x08011330   0x00000048   Code   RO        10280    i.USBD_CDC_GetHSCfgDesc  usbd_cdc.o
    0x08011378   0x08011378   0x00000044   Code   RO        10281    i.USBD_CDC_GetOtherSpeedCfgDesc  usbd_cdc.o
    0x080113bc   0x080113bc   0x000001a0   Code   RO        10282    i.USBD_CDC_Init     usbd_cdc.o
    0x0801155c   0x0801155c   0x00000050   Code   RO        10283    i.USBD_CDC_ReceivePacket  usbd_cdc.o
    0x080115ac   0x080115ac   0x00000018   Code   RO        10284    i.USBD_CDC_RegisterInterface  usbd_cdc.o
    0x080115c4   0x080115c4   0x0000001e   Code   RO        10285    i.USBD_CDC_SetRxBuffer  usbd_cdc.o
    0x080115e2   0x080115e2   0x00000024   Code   RO        10286    i.USBD_CDC_SetTxBuffer  usbd_cdc.o
    0x08011606   0x08011606   0x00000140   Code   RO        10287    i.USBD_CDC_Setup    usbd_cdc.o
    0x08011746   0x08011746   0x00000002   PAD
    0x08011748   0x08011748   0x00000058   Code   RO        10288    i.USBD_CDC_TransmitPacket  usbd_cdc.o
    0x080117a0   0x080117a0   0x0000001c   Code   RO         9937    i.USBD_ClrClassConfig  usbd_core.o
    0x080117bc   0x080117bc   0x0000003e   Code   RO        10104    i.USBD_ClrFeature   usbd_ctlreq.o
    0x080117fa   0x080117fa   0x00000006   Code   RO         9938    i.USBD_CoreFindEP   usbd_core.o
    0x08011800   0x08011800   0x00000006   Code   RO         9939    i.USBD_CoreFindIF   usbd_core.o
    0x08011806   0x08011806   0x00000018   Code   RO        10210    i.USBD_CtlContinueRx  usbd_ioreq.o
    0x0801181e   0x0801181e   0x00000018   Code   RO        10211    i.USBD_CtlContinueSendData  usbd_ioreq.o
    0x08011836   0x08011836   0x00000018   Code   RO        10105    i.USBD_CtlError     usbd_ctlreq.o
    0x0801184e   0x0801184e   0x0000002e   Code   RO        10212    i.USBD_CtlPrepareRx  usbd_ioreq.o
    0x0801187c   0x0801187c   0x0000001a   Code   RO        10213    i.USBD_CtlReceiveStatus  usbd_ioreq.o
    0x08011896   0x08011896   0x00000024   Code   RO        10214    i.USBD_CtlSendData  usbd_ioreq.o
    0x080118ba   0x080118ba   0x0000001a   Code   RO        10215    i.USBD_CtlSendStatus  usbd_ioreq.o
    0x080118d4   0x080118d4   0x00000056   Code   RO        10106    i.USBD_GetConfig    usbd_ctlreq.o
    0x0801192a   0x0801192a   0x00000232   Code   RO        10107    i.USBD_GetDescriptor  usbd_ctlreq.o
    0x08011b5c   0x08011b5c   0x00000050   Code   RO         9941    i.USBD_GetEpDesc    usbd_core.o
    0x08011bac   0x08011bac   0x00000016   Code   RO        10108    i.USBD_GetLen       usbd_ctlreq.o
    0x08011bc2   0x08011bc2   0x00000014   Code   RO         9942    i.USBD_GetNextDesc  usbd_core.o
    0x08011bd6   0x08011bd6   0x0000005a   Code   RO        10109    i.USBD_GetStatus    usbd_ctlreq.o
    0x08011c30   0x08011c30   0x00000068   Code   RO        10110    i.USBD_GetString    usbd_ctlreq.o
    0x08011c98   0x08011c98   0x0000002c   Code   RO         9739    i.USBD_Get_USB_Status  usbd_conf.o
    0x08011cc4   0x08011cc4   0x00000034   Code   RO         9641    i.USBD_HS_ConfigStrDescriptor  usbd_desc.o
    0x08011cf8   0x08011cf8   0x00000010   Code   RO         9642    i.USBD_HS_DeviceDescriptor  usbd_desc.o
    0x08011d08   0x08011d08   0x00000038   Code   RO         9643    i.USBD_HS_InterfaceStrDescriptor  usbd_desc.o
    0x08011d40   0x08011d40   0x00000010   Code   RO         9644    i.USBD_HS_LangIDStrDescriptor  usbd_desc.o
    0x08011d50   0x08011d50   0x0000002c   Code   RO         9645    i.USBD_HS_ManufacturerStrDescriptor  usbd_desc.o
    0x08011d7c   0x08011d7c   0x00000040   Code   RO         9646    i.USBD_HS_ProductStrDescriptor  usbd_desc.o
    0x08011dbc   0x08011dbc   0x00000018   Code   RO         9647    i.USBD_HS_SerialStrDescriptor  usbd_desc.o
    0x08011dd4   0x08011dd4   0x0000003a   Code   RO         9943    i.USBD_Init         usbd_core.o
    0x08011e0e   0x08011e0e   0x00000026   Code   RO         9740    i.USBD_LL_ClearStallEP  usbd_conf.o
    0x08011e34   0x08011e34   0x00000026   Code   RO         9741    i.USBD_LL_CloseEP   usbd_conf.o
    0x08011e5a   0x08011e5a   0x00000110   Code   RO         9944    i.USBD_LL_DataInStage  usbd_core.o
    0x08011f6a   0x08011f6a   0x0000010a   Code   RO         9945    i.USBD_LL_DataOutStage  usbd_core.o
    0x08012074   0x08012074   0x00000006   Code   RO         9946    i.USBD_LL_DevConnected  usbd_core.o
    0x0801207a   0x0801207a   0x00000026   Code   RO         9947    i.USBD_LL_DevDisconnected  usbd_core.o
    0x080120a0   0x080120a0   0x00000012   Code   RO         9745    i.USBD_LL_GetRxDataSize  usbd_conf.o
    0x080120b2   0x080120b2   0x00000002   PAD
    0x080120b4   0x080120b4   0x00000070   Code   RO         9746    i.USBD_LL_Init      usbd_conf.o
    0x08012124   0x08012124   0x00000038   Code   RO         9747    i.USBD_LL_IsStallEP  usbd_conf.o
    0x0801215c   0x0801215c   0x00000048   Code   RO         9948    i.USBD_LL_IsoINIncomplete  usbd_core.o
    0x080121a4   0x080121a4   0x00000048   Code   RO         9949    i.USBD_LL_IsoOUTIncomplete  usbd_core.o
    0x080121ec   0x080121ec   0x00000030   Code   RO         9748    i.USBD_LL_OpenEP    usbd_conf.o
    0x0801221c   0x0801221c   0x00000030   Code   RO         9749    i.USBD_LL_PrepareReceive  usbd_conf.o
    0x0801224c   0x0801224c   0x0000006e   Code   RO         9950    i.USBD_LL_Reset     usbd_core.o
    0x080122ba   0x080122ba   0x00000016   Code   RO         9951    i.USBD_LL_Resume    usbd_core.o
    0x080122d0   0x080122d0   0x00000028   Code   RO         9952    i.USBD_LL_SOF       usbd_core.o
    0x080122f8   0x080122f8   0x00000008   Code   RO         9953    i.USBD_LL_SetSpeed  usbd_core.o
    0x08012300   0x08012300   0x00000026   Code   RO         9750    i.USBD_LL_SetUSBAddress  usbd_conf.o
    0x08012326   0x08012326   0x00000076   Code   RO         9954    i.USBD_LL_SetupStage  usbd_core.o
    0x0801239c   0x0801239c   0x00000026   Code   RO         9751    i.USBD_LL_StallEP   usbd_conf.o
    0x080123c2   0x080123c2   0x0000001e   Code   RO         9752    i.USBD_LL_Start     usbd_conf.o
    0x080123e0   0x080123e0   0x0000001c   Code   RO         9955    i.USBD_LL_Suspend   usbd_core.o
    0x080123fc   0x080123fc   0x00000030   Code   RO         9754    i.USBD_LL_Transmit  usbd_conf.o
    0x0801242c   0x0801242c   0x00000036   Code   RO        10111    i.USBD_ParseSetupRequest  usbd_ctlreq.o
    0x08012462   0x08012462   0x00000048   Code   RO         9956    i.USBD_RegisterClass  usbd_core.o
    0x080124aa   0x080124aa   0x00000006   Code   RO         9957    i.USBD_RunTestMode  usbd_core.o
    0x080124b0   0x080124b0   0x0000005a   Code   RO        10112    i.USBD_SetAddress   usbd_ctlreq.o
    0x0801250a   0x0801250a   0x00000020   Code   RO         9958    i.USBD_SetClassConfig  usbd_core.o
    0x0801252a   0x0801252a   0x00000002   PAD
    0x0801252c   0x0801252c   0x00000104   Code   RO        10113    i.USBD_SetConfig    usbd_ctlreq.o
    0x08012630   0x08012630   0x00000038   Code   RO        10114    i.USBD_SetFeature   usbd_ctlreq.o
    0x08012668   0x08012668   0x0000000c   Code   RO         9959    i.USBD_Start        usbd_core.o
    0x08012674   0x08012674   0x000000ae   Code   RO        10115    i.USBD_StdDevReq    usbd_ctlreq.o
    0x08012722   0x08012722   0x00000284   Code   RO        10116    i.USBD_StdEPReq     usbd_ctlreq.o
    0x080129a6   0x080129a6   0x000000ae   Code   RO        10117    i.USBD_StdItfReq    usbd_ctlreq.o
    0x08012a54   0x08012a54   0x00000002   Code   RO         9755    i.USBD_static_free  usbd_conf.o
    0x08012a56   0x08012a56   0x00000002   PAD
    0x08012a58   0x08012a58   0x0000000c   Code   RO         9756    i.USBD_static_malloc  usbd_conf.o
    0x08012a64   0x08012a64   0x000000d0   Code   RO         2214    i.USB_ActivateEndpoint  stm32h7xx_ll_usb.o
    0x08012b34   0x08012b34   0x00000028   Code   RO         2216    i.USB_ActivateSetup  stm32h7xx_ll_usb.o
    0x08012b5c   0x08012b5c   0x000000a8   Code   RO         2218    i.USB_CoreInit      stm32h7xx_ll_usb.o
    0x08012c04   0x08012c04   0x00000062   Code   RO         2219    i.USB_CoreReset     stm32h7xx_ll_usb.o
    0x08012c66   0x08012c66   0x00000002   PAD
    0x08012c68   0x08012c68   0x0000014c   Code   RO         2222    i.USB_DeactivateEndpoint  stm32h7xx_ll_usb.o
    0x08012db4   0x08012db4   0x00000024   Code   RO         2223    i.USB_DevConnect    stm32h7xx_ll_usb.o
    0x08012dd8   0x08012dd8   0x00000024   Code   RO         2224    i.USB_DevDisconnect  stm32h7xx_ll_usb.o
    0x08012dfc   0x08012dfc   0x000001e0   Code   RO         2225    i.USB_DevInit       stm32h7xx_ll_usb.o
    0x08012fdc   0x08012fdc   0x0000000e   Code   RO         2226    i.USB_DisableGlobalInt  stm32h7xx_ll_usb.o
    0x08012fea   0x08012fea   0x00000002   PAD
    0x08012fec   0x08012fec   0x00000070   Code   RO         2229    i.USB_EP0_OutStart  stm32h7xx_ll_usb.o
    0x0801305c   0x0801305c   0x0000008e   Code   RO         2230    i.USB_EPClearStall  stm32h7xx_ll_usb.o
    0x080130ea   0x080130ea   0x0000009a   Code   RO         2231    i.USB_EPSetStall    stm32h7xx_ll_usb.o
    0x08013184   0x08013184   0x000003c0   Code   RO         2232    i.USB_EPStartXfer   stm32h7xx_ll_usb.o
    0x08013544   0x08013544   0x00000174   Code   RO         2233    i.USB_EPStopXfer    stm32h7xx_ll_usb.o
    0x080136b8   0x080136b8   0x0000000e   Code   RO         2234    i.USB_EnableGlobalInt  stm32h7xx_ll_usb.o
    0x080136c6   0x080136c6   0x00000050   Code   RO         2235    i.USB_FlushRxFifo   stm32h7xx_ll_usb.o
    0x08013716   0x08013716   0x00000054   Code   RO         2236    i.USB_FlushTxFifo   stm32h7xx_ll_usb.o
    0x0801376a   0x0801376a   0x00000026   Code   RO         2238    i.USB_GetDevSpeed   stm32h7xx_ll_usb.o
    0x08013790   0x08013790   0x0000000a   Code   RO         2240    i.USB_GetMode       stm32h7xx_ll_usb.o
    0x0801379a   0x0801379a   0x00000014   Code   RO         2244    i.USB_ReadDevAllInEpInterrupt  stm32h7xx_ll_usb.o
    0x080137ae   0x080137ae   0x00000014   Code   RO         2245    i.USB_ReadDevAllOutEpInterrupt  stm32h7xx_ll_usb.o
    0x080137c2   0x080137c2   0x00000032   Code   RO         2246    i.USB_ReadDevInEPInterrupt  stm32h7xx_ll_usb.o
    0x080137f4   0x080137f4   0x0000001a   Code   RO         2247    i.USB_ReadDevOutEPInterrupt  stm32h7xx_ll_usb.o
    0x0801380e   0x0801380e   0x0000000a   Code   RO         2248    i.USB_ReadInterrupts  stm32h7xx_ll_usb.o
    0x08013818   0x08013818   0x00000060   Code   RO         2249    i.USB_ReadPacket    stm32h7xx_ll_usb.o
    0x08013878   0x08013878   0x00000068   Code   RO         2251    i.USB_SetCurrentMode  stm32h7xx_ll_usb.o
    0x080138e0   0x080138e0   0x0000002a   Code   RO         2252    i.USB_SetDevAddress  stm32h7xx_ll_usb.o
    0x0801390a   0x0801390a   0x00000012   Code   RO         2253    i.USB_SetDevSpeed   stm32h7xx_ll_usb.o
    0x0801391c   0x0801391c   0x000000e8   Code   RO         2254    i.USB_SetTurnaroundTime  stm32h7xx_ll_usb.o
    0x08013a04   0x08013a04   0x00000044   Code   RO         2257    i.USB_WritePacket   stm32h7xx_ll_usb.o
    0x08013a48   0x08013a48   0x00000004   Code   RO          666    i.UsageFault_Handler  stm32h7xx_it.o
    0x08013a4c   0x08013a4c   0x00000070   Code   RO         9259    i.Weapon_Init       register.o
    0x08013abc   0x08013abc   0x00000030   Code   RO        10578    i.__ARM_fpclassify  m_wv.l(fpclassify.o)
    0x08013aec   0x08013aec   0x00000026   Code   RO        10510    i.__ARM_fpclassifyf  m_wv.l(fpclassifyf.o)
    0x08013b12   0x08013b12   0x00000030   Code   RO         9501    i.__ARM_pop         policy.o
    0x08013b42   0x08013b42   0x00000002   PAD
    0x08013b44   0x08013b44   0x00000010   Code   RO         3936    i.__NVIC_GetPriorityGrouping  stm32h7xx_hal_cortex.o
    0x08013b54   0x08013b54   0x00000028   Code   RO         3937    i.__NVIC_SetPriority  stm32h7xx_hal_cortex.o
    0x08013b7c   0x08013b7c   0x00000124   Code   RO        10380    i.__hardfp_acosf    m_wv.l(acosf.o)
    0x08013ca0   0x08013ca0   0x000002b4   Code   RO        10392    i.__hardfp_atan2f   m_wv.l(atan2f.o)
    0x08013f54   0x08013f54   0x00000150   Code   RO        10404    i.__hardfp_cosf     m_wv.l(cosf.o)
    0x080140a4   0x080140a4   0x000000fc   Code   RO        10416    i.__hardfp_fmod     m_wv.l(fmod.o)
    0x080141a0   0x080141a0   0x000000a0   Code   RO        10428    i.__hardfp_round    m_wv.l(round.o)
    0x08014240   0x08014240   0x000000b0   Code   RO        10432    i.__hardfp_sin      m_wv.l(sin.o)
    0x080142f0   0x080142f0   0x00000194   Code   RO        10444    i.__hardfp_sinf     m_wv.l(sinf.o)
    0x08014484   0x08014484   0x00000066   Code   RO        10456    i.__hardfp_sqrt     m_wv.l(sqrt.o)
    0x080144ea   0x080144ea   0x0000003a   Code   RO        10468    i.__hardfp_sqrtf    m_wv.l(sqrtf.o)
    0x08014524   0x08014524   0x00000004   PAD
    0x08014528   0x08014528   0x00000310   Code   RO        10526    i.__ieee754_rem_pio2  m_wv.l(rred.o)
    0x08014838   0x08014838   0x000000e0   Code   RO        10493    i.__kernel_cos      m_wv.l(cos_i.o)
    0x08014918   0x08014918   0x00000070   Code   RO        10580    i.__kernel_poly     m_wv.l(poly.o)
    0x08014988   0x08014988   0x000000a8   Code   RO        10534    i.__kernel_sin      m_wv.l(sin_i.o)
    0x08014a30   0x08014a30   0x00000018   Code   RO        10499    i.__mathlib_dbl_invalid  m_wv.l(dunder.o)
    0x08014a48   0x08014a48   0x00000018   Code   RO        10502    i.__mathlib_dbl_underflow  m_wv.l(dunder.o)
    0x08014a60   0x08014a60   0x00000006   Code   RO        10513    i.__mathlib_flt_infnan  m_wv.l(funder.o)
    0x08014a66   0x08014a66   0x00000006   Code   RO        10514    i.__mathlib_flt_infnan2  m_wv.l(funder.o)
    0x08014a6c   0x08014a6c   0x00000010   Code   RO        10515    i.__mathlib_flt_invalid  m_wv.l(funder.o)
    0x08014a7c   0x08014a7c   0x00000010   Code   RO        10518    i.__mathlib_flt_underflow  m_wv.l(funder.o)
    0x08014a8c   0x08014a8c   0x00000154   Code   RO        10531    i.__mathlib_rredf2  m_wv.l(rredf.o)
    0x08014be0   0x08014be0   0x0000000e   Code   RO        10588    i.__scatterload_copy  mc_w.l(handlers.o)
    0x08014bee   0x08014bee   0x00000002   Code   RO        10589    i.__scatterload_null  mc_w.l(handlers.o)
    0x08014bf0   0x08014bf0   0x0000000e   Code   RO        10590    i.__scatterload_zeroinit  mc_w.l(handlers.o)
    0x08014bfe   0x08014bfe   0x00000002   PAD
    0x08014c00   0x08014c00   0x0000000c   Code   RO        10562    i.__set_errno       mc_w.l(errno.o)
    0x08014c0c   0x08014c0c   0x00000a6c   Code   RO         8941    i.auto_mission      auto_mode.o
    0x08015678   0x08015678   0x00000518   Code   RO         9445    i.bfs_run           policy.o
    0x08015b90   0x08015b90   0x00000022   Code   RO         6270    i.calc_chk          upper_pc_protocol.o
    0x08015bb2   0x08015bb2   0x0000000c   Code   RO         9446    i.cell_num          policy.o
    0x08015bbe   0x08015bbe   0x00000012   Code   RO         9447    i.cell_x            policy.o
    0x08015bd0   0x08015bd0   0x0000000e   Code   RO         9448    i.cell_y            policy.o
    0x08015bde   0x08015bde   0x00000002   PAD
    0x08015be0   0x08015be0   0x000000c8   Code   RO         8945    i.chassis_coord_update  auto_mode.o
    0x08015ca8   0x08015ca8   0x00000264   Code   RO         8590    i.chassis_mission   chassis.o
    0x08015f0c   0x08015f0c   0x00000010   Code   RO         8857    i.combine_4bit      cowork.o
    0x08015f1c   0x08015f1c   0x00000036   Code   RO         9449    i.compact_path      policy.o
    0x08015f52   0x08015f52   0x00000002   PAD
    0x08015f54   0x08015f54   0x000000ac   Code   RO         9153    i.data_convert      remote_control.o
    0x08016000   0x08016000   0x00000048   Code   RO         6271    i.dispatch_frame    upper_pc_protocol.o
    0x08016048   0x08016048   0x0000022c   Code   RO         9308    i.f_PID_Calculate   pid.o
    0x08016274   0x08016274   0x00000018   Code   RO        10574    i.fabs              m_wv.l(fabs.o)
    0x0801628c   0x0801628c   0x00000018   Code   RO         8858    i.fir_dismiss       cowork.o
    0x080162a4   0x080162a4   0x00000034   Code   RO         8495    i.float_to_uint     dm_motor.o
    0x080162d8   0x080162d8   0x000000a0   Code   RO         6272    i.handle_kfs        upper_pc_protocol.o
    0x08016378   0x08016378   0x000000a4   Code   RO         6273    i.handle_odom       upper_pc_protocol.o
    0x0801641c   0x0801641c   0x0000007c   Code   RO         6274    i.handle_path       upper_pc_protocol.o
    0x08016498   0x08016498   0x0000006c   Code   RO         6275    i.handle_zone_i_path  upper_pc_protocol.o
    0x08016504   0x08016504   0x000000c8   Code   RO         9344    i.hold_step         motor_control.o
    0x080165cc   0x080165cc   0x000000a0   Code   RO         9345    i.in_place          motor_control.o
    0x0801666c   0x0801666c   0x000000a8   Code   RO         9346    i.in_place_1        motor_control.o
    0x08016714   0x08016714   0x00000114   Code   RO         9347    i.in_place_fast     motor_control.o
    0x08016828   0x08016828   0x000014fc   Code   RO         8946    i.kfs_auto          auto_mode.o
    0x08017d24   0x08017d24   0x00000160   Code   RO         8649    i.kfs_catch_mode    kfs.o
    0x08017e84   0x08017e84   0x0000004c   Code   RO         8650    i.kfs_mode          kfs.o
    0x08017ed0   0x08017ed0   0x0000039c   Code   RO         8693    i.lift_mode         lift.o
    0x0801826c   0x0801826c   0x000000d8   Code   RO           17    i.main              main.o
    0x08018344   0x08018344   0x0000001e   Code   RO         7654    i.osDelay           cmsis_os2.o
    0x08018362   0x08018362   0x00000002   PAD
    0x08018364   0x08018364   0x00000034   Code   RO         7668    i.osKernelInitialize  cmsis_os2.o
    0x08018398   0x08018398   0x00000068   Code   RO         7671    i.osKernelStart     cmsis_os2.o
    0x08018400   0x08018400   0x000000b8   Code   RO         7713    i.osThreadNew       cmsis_os2.o
    0x080184b8   0x080184b8   0x00000060   Code   RO         9154    i.parse_config      remote_control.o
    0x08018518   0x08018518   0x00000024   Code   RO         9450    i.policy_init       policy.o
    0x0801853c   0x0801853c   0x000000a4   Code   RO         9451    i.policy_solve      policy.o
    0x080185e0   0x080185e0   0x0000007a   Code   RO         9452    i.policy_solve_best  policy.o
    0x0801865a   0x0801865a   0x0000000c   Code   RO         9453    i.popcnt            policy.o
    0x08018666   0x08018666   0x00000002   PAD
    0x08018668   0x08018668   0x000000a8   Code   RO         7068    i.prvAddCurrentTaskToDelayedList  tasks.o
    0x08018710   0x08018710   0x000000f4   Code   RO         7069    i.prvAddNewTaskToReadyList  tasks.o
    0x08018804   0x08018804   0x00000074   Code   RO         7450    i.prvCheckForValidListAndQueue  timers.o
    0x08018878   0x08018878   0x00000048   Code   RO         7070    i.prvCheckTasksWaitingTermination  tasks.o
    0x080188c0   0x080188c0   0x0000002a   Code   RO         6634    i.prvCopyDataFromQueue  queue.o
    0x080188ea   0x080188ea   0x00000050   Code   RO         7071    i.prvDeleteTCB      tasks.o
    0x0801893a   0x0801893a   0x00000002   PAD
    0x0801893c   0x0801893c   0x00000028   Code   RO         7451    i.prvGetNextExpireTime  timers.o
    0x08018964   0x08018964   0x00000070   Code   RO         8178    i.prvHeapInit       heap_4.o
    0x080189d4   0x080189d4   0x00000028   Code   RO         7072    i.prvIdleTask       tasks.o
    0x080189fc   0x080189fc   0x0000002a   Code   RO         6638    i.prvInitialiseNewQueue  queue.o
    0x08018a26   0x08018a26   0x000000cc   Code   RO         7073    i.prvInitialiseNewTask  tasks.o
    0x08018af2   0x08018af2   0x00000002   PAD
    0x08018af4   0x08018af4   0x00000068   Code   RO         7074    i.prvInitialiseTaskLists  tasks.o
    0x08018b5c   0x08018b5c   0x00000068   Code   RO         8179    i.prvInsertBlockIntoFreeList  heap_4.o
    0x08018bc4   0x08018bc4   0x00000058   Code   RO         7453    i.prvInsertTimerInActiveList  timers.o
    0x08018c1c   0x08018c1c   0x0000001a   Code   RO         6639    i.prvIsQueueEmpty   queue.o
    0x08018c36   0x08018c36   0x00000002   PAD
    0x08018c38   0x08018c38   0x00000044   Code   RO         7454    i.prvProcessExpiredTimer  timers.o
    0x08018c7c   0x08018c7c   0x0000014c   Code   RO         7455    i.prvProcessReceivedCommands  timers.o
    0x08018dc8   0x08018dc8   0x00000074   Code   RO         7456    i.prvProcessTimerOrBlockTask  timers.o
    0x08018e3c   0x08018e3c   0x00000028   Code   RO         7457    i.prvReloadTimer    timers.o
    0x08018e64   0x08018e64   0x00000030   Code   RO         7076    i.prvResetNextTaskUnblockTime  tasks.o
    0x08018e94   0x08018e94   0x0000002c   Code   RO         7458    i.prvSampleTimeNow  timers.o
    0x08018ec0   0x08018ec0   0x00000044   Code   RO         7459    i.prvSwitchTimerLists  timers.o
    0x08018f04   0x08018f04   0x00000040   Code   RO         8240    i.prvTaskExitError  port.o
    0x08018f44   0x08018f44   0x0000001a   Code   RO         7460    i.prvTimerTask      timers.o
    0x08018f5e   0x08018f5e   0x0000007e   Code   RO         6641    i.prvUnlockQueue    queue.o
    0x08018fdc   0x08018fdc   0x00000148   Code   RO         8181    i.pvPortMalloc      heap_4.o
    0x08019124   0x08019124   0x0000002c   Code   RO         8241    i.pxPortInitialiseStack  port.o
    0x08019150   0x08019150   0x000000f4   Code   RO         6277    i.rc_feed_byte      upper_pc_protocol.o
    0x08019244   0x08019244   0x00000008   Code   RO         6278    i.rc_get_latest_odom  upper_pc_protocol.o
    0x0801924c   0x0801924c   0x0000003c   Code   RO         6280    i.rc_init           upper_pc_protocol.o
    0x08019288   0x08019288   0x00000030   Code   RO         6281    i.rc_odom_is_valid  upper_pc_protocol.o
    0x080192b8   0x080192b8   0x00000054   Code   RO         6282    i.rc_poll           upper_pc_protocol.o
    0x0801930c   0x0801930c   0x0000000e   Code   RO         6283    i.rc_request_odom   upper_pc_protocol.o
    0x0801931a   0x0801931a   0x00000002   PAD
    0x0801931c   0x0801931c   0x00000138   Code   RO         9155    i.remote_control_read  remote_control.o
    0x08019454   0x08019454   0x000000ac   Code   RO         9156    i.remote_control_readaccel  remote_control.o
    0x08019500   0x08019500   0x0000006c   Code   RO         6295    i.send_frame        upper_pc_protocol.o
    0x0801956c   0x0801956c   0x000000fc   Code   RO         8859    i.sense             cowork.o
    0x08019668   0x08019668   0x000000ec   Code   RO         9348    i.side_by_side      motor_control.o
    0x08019754   0x08019754   0x0000003e   Code   RO        10470    i.sqrtf             m_wv.l(sqrtf.o)
    0x08019792   0x08019792   0x00000002   PAD
    0x08019794   0x08019794   0x000007b4   Code   RO         8591    i.task_chassis      chassis.o
    0x08019f48   0x08019f48   0x00000080   Code   RO         8860    i.th_5mode          cowork.o
    0x08019fc8   0x08019fc8   0x00000018   Code   RO         8861    i.th_order          cowork.o
    0x08019fe0   0x08019fe0   0x000000ec   Code   RO         8862    i.uart8_tx_init     cowork.o
    0x0801a0cc   0x0801a0cc   0x00000034   Code   RO         8496    i.uint_to_float     dm_motor.o
    0x0801a100   0x0801a100   0x0000001e   Code   RO         6296    i.unpack_float_le   upper_pc_protocol.o
    0x0801a11e   0x0801a11e   0x00000002   PAD
    0x0801a120   0x0801a120   0x00000028   Code   RO         9522    i.upper_pc_send_power_on_msg_once  usbd_cdc_if.o
    0x0801a148   0x0801a148   0x00000014   Code   RO         9523    i.upper_pc_usb_putc  usbd_cdc_if.o
    0x0801a15c   0x0801a15c   0x00000028   Code   RO         6594    i.uxListRemove      list.o
    0x0801a184   0x0801a184   0x00000018   Code   RO         7725    i.vApplicationGetIdleTaskMemory  cmsis_os2.o
    0x0801a19c   0x0801a19c   0x00000018   Code   RO         7726    i.vApplicationGetTimerTaskMemory  cmsis_os2.o
    0x0801a1b4   0x0801a1b4   0x0000001a   Code   RO         6595    i.vListInitialise   list.o
    0x0801a1ce   0x0801a1ce   0x00000006   Code   RO         6596    i.vListInitialiseItem  list.o
    0x0801a1d4   0x0801a1d4   0x00000034   Code   RO         6597    i.vListInsert       list.o
    0x0801a208   0x0801a208   0x00000054   Code   RO         8243    i.vPortEnterCritical  port.o
    0x0801a25c   0x0801a25c   0x0000003c   Code   RO         8244    i.vPortExitCritical  port.o
    0x0801a298   0x0801a298   0x0000008c   Code   RO         8182    i.vPortFree         heap_4.o
    0x0801a324   0x0801a324   0x00000028   Code   RO         8245    i.vPortSetupTimerInterrupt  port.o
    0x0801a34c   0x0801a34c   0x00000060   Code   RO         6649    i.vQueueAddToRegistry  queue.o
    0x0801a3ac   0x0801a3ac   0x0000004a   Code   RO         6653    i.vQueueWaitForMessageRestricted  queue.o
    0x0801a3f6   0x0801a3f6   0x00000002   PAD
    0x0801a3f8   0x0801a3f8   0x0000005c   Code   RO         7089    i.vTaskDelay        tasks.o
    0x0801a454   0x0801a454   0x00000018   Code   RO         7094    i.vTaskInternalSetTimeOutState  tasks.o
    0x0801a46c   0x0801a46c   0x0000000c   Code   RO         7095    i.vTaskMissedYield  tasks.o
    0x0801a478   0x0801a478   0x00000038   Code   RO         7096    i.vTaskPlaceOnEventList  tasks.o
    0x0801a4b0   0x0801a4b0   0x00000068   Code   RO         7097    i.vTaskPlaceOnEventListRestricted  tasks.o
    0x0801a518   0x0801a518   0x000000c0   Code   RO         7105    i.vTaskStartScheduler  tasks.o
    0x0801a5d8   0x0801a5d8   0x00000010   Code   RO         7107    i.vTaskSuspendAll   tasks.o
    0x0801a5e8   0x0801a5e8   0x00000094   Code   RO         7108    i.vTaskSwitchContext  tasks.o
    0x0801a67c   0x0801a67c   0x00000104   Code   RO         8776    i.weapon_hold       weapon.o
    0x0801a780   0x0801a780   0x00000408   Code   RO         8777    i.weapon_mode       weapon.o
    0x0801ab88   0x0801ab88   0x00000048   Code   RO         6231    i.wrap_deg_180      common.o
    0x0801abd0   0x0801abd0   0x00000168   Code   RO         8247    i.xPortStartScheduler  port.o
    0x0801ad38   0x0801ad38   0x00000034   Code   RO         8248    i.xPortSysTickHandler  port.o
    0x0801ad6c   0x0801ad6c   0x0000009a   Code   RO         6659    i.xQueueGenericCreateStatic  queue.o
    0x0801ae06   0x0801ae06   0x00000002   PAD
    0x0801ae08   0x0801ae08   0x000000dc   Code   RO         6661    i.xQueueGenericReset  queue.o
    0x0801aee4   0x0801aee4   0x00000168   Code   RO         6672    i.xQueueReceive     queue.o
    0x0801b04c   0x0801b04c   0x00000090   Code   RO         7110    i.xTaskCheckForTimeOut  tasks.o
    0x0801b0dc   0x0801b0dc   0x0000006c   Code   RO         7111    i.xTaskCreate       tasks.o
    0x0801b148   0x0801b148   0x000000c2   Code   RO         7112    i.xTaskCreateStatic  tasks.o
    0x0801b20a   0x0801b20a   0x00000002   PAD
    0x0801b20c   0x0801b20c   0x00000020   Code   RO         7119    i.xTaskGetSchedulerState  tasks.o
    0x0801b22c   0x0801b22c   0x0000000c   Code   RO         7121    i.xTaskGetTickCount  tasks.o
    0x0801b238   0x0801b238   0x000001cc   Code   RO         7123    i.xTaskIncrementTick  tasks.o
    0x0801b404   0x0801b404   0x00000134   Code   RO         7126    i.xTaskRemoveFromEventList  tasks.o
    0x0801b538   0x0801b538   0x00000190   Code   RO         7127    i.xTaskResumeAll    tasks.o
    0x0801b6c8   0x0801b6c8   0x00000078   Code   RO         7469    i.xTimerCreateTimerTask  timers.o
    0x0801b740   0x0801b740   0x000000b4   Data   RO          355    .constdata          freertos.o
    0x0801b7f4   0x0801b7f4   0x00000008   Data   RO         3237    .constdata          stm32h7xx_hal_dma.o
    0x0801b7fc   0x0801b7fc   0x0000005c   Data   RO         5119    .constdata          stm32h7xx_hal_fdcan.o
    0x0801b858   0x0801b858   0x00000018   Data   RO         5707    .constdata          stm32h7xx_hal_uart.o
    0x0801b870   0x0801b870   0x00000010   Data   RO         6078    .constdata          stm32h7xx_hal_uart_ex.o
    0x0801b880   0x0801b880   0x00000010   Data   RO         6188    .constdata          system_stm32h7xx.o
    0x0801b890   0x0801b890   0x00000008   Data   RO         9455    .constdata          policy.o
    0x0801b898   0x0801b898   0x00000030   Data   RO        10494    .constdata          m_wv.l(cos_i.o)
    0x0801b8c8   0x0801b8c8   0x000000c8   Data   RO        10528    .constdata          m_wv.l(rred.o)
    0x0801b990   0x0801b990   0x00000020   Data   RO        10532    .constdata          m_wv.l(rredf.o)
    0x0801b9b0   0x0801b9b0   0x00000028   Data   RO        10535    .constdata          m_wv.l(sin_i.o)
    0x0801b9d8   0x0801b9d8   0x00000039   Data   RO          356    .conststring        freertos.o
    0x0801ba11   0x0801ba11   0x00000003   PAD
    0x0801ba14   0x0801ba14   0x00000020   Data   RO        10586    Region$$Table       anon$$obj.o


    Execution Region RW_IRAM1 (Exec base: 0x20000000, Load base: 0x0801ba34, Size: 0x00000000, Max: 0x00020000, ABSOLUTE)

    **** No section assigned to this execution region ****


    Execution Region RW_IRAM2 (Exec base: 0x24000000, Load base: 0x0801ba34, Size: 0x00009470, Max: 0x00050000, ABSOLUTE, COMPRESSED[0x0000016c])

    Exec Addr    Load Addr    Size         Type   Attr      Idx    E Section Name        Object

    0x24000000   COMPRESSED   0x00000014   Data   RW          357    .data               freertos.o
    0x24000014   COMPRESSED   0x00000004   Data   RW          451    .data               fdcan.o
    0x24000018   COMPRESSED   0x00000009   Data   RW         4127    .data               stm32h7xx_hal.o
    0x24000021   COMPRESSED   0x00000003   PAD
    0x24000024   COMPRESSED   0x00000008   Data   RW         6189    .data               system_stm32h7xx.o
    0x2400002c   COMPRESSED   0x00000028   Data   RW         6298    .data               upper_pc_protocol.o
    0x24000054   COMPRESSED   0x00000040   Data   RW         7130    .data               tasks.o
    0x24000094   COMPRESSED   0x00000014   Data   RW         7480    .data               timers.o
    0x240000a8   COMPRESSED   0x00000004   Data   RW         7728    .data               cmsis_os2.o
    0x240000ac   COMPRESSED   0x0000001c   Data   RW         8188    .data               heap_4.o
    0x240000c8   COMPRESSED   0x0000000c   Data   RW         8249    .data               port.o
    0x240000d4   COMPRESSED   0x0000006c   Data   RW         8323    .data               bsp_can.o
    0x24000140   COMPRESSED   0x00000005   Data   RW         8380    .data               bsp_uart.o
    0x24000145   COMPRESSED   0x00000003   PAD
    0x24000148   COMPRESSED   0x0000000c   Data   RW         8444    .data               dji_motor.o
    0x24000154   COMPRESSED   0x0000000c   Data   RW         8497    .data               dm_motor.o
    0x24000160   COMPRESSED   0x00000074   Data   RW         8593    .data               chassis.o
    0x240001d4   COMPRESSED   0x00000004   Data   RW         8695    .data               lift.o
    0x240001d8   COMPRESSED   0x00000020   Data   RW         8779    .data               weapon.o
    0x240001f8   COMPRESSED   0x0000000a   Data   RW         8822    .data               timer.o
    0x24000202   COMPRESSED   0x00000014   Data   RW         8863    .data               cowork.o
    0x24000216   COMPRESSED   0x00000002   PAD
    0x24000218   COMPRESSED   0x00000080   Data   RW         8948    .data               auto_mode.o
    0x24000298   COMPRESSED   0x00000050   Data   RW         9158    .data               remote_control.o
    0x240002e8   COMPRESSED   0x00000048   Data   RW         9349    .data               motor_control.o
    0x24000330   COMPRESSED   0x0000001c   Data   RW         9402    .data               arm.o
    0x2400034c   COMPRESSED   0x00000028   Data   RW         9456    .data               policy.o
    0x24000374   COMPRESSED   0x00000019   Data   RW         9525    .data               usbd_cdc_if.o
    0x2400038d   COMPRESSED   0x00000003   PAD
    0x24000390   COMPRESSED   0x0000005e   Data   RW         9650    .data               usbd_desc.o
    0x240003ee   COMPRESSED   0x00000001   Data   RW        10118    .data               usbd_ctlreq.o
    0x240003ef   COMPRESSED   0x00000001   PAD
    0x240003f0   COMPRESSED   0x0000008a   Data   RW        10289    .data               usbd_cdc.o
    0x2400047a   COMPRESSED   0x00000002   PAD
    0x2400047c   COMPRESSED   0x00000004   Data   RW        10563    .data               mc_w.l(errno.o)
    0x24000480        -       0x000001e0   Zero   RW          450    .bss                fdcan.o
    0x24000660        -       0x0000017c   Zero   RW          508    .bss                tim.o
    0x240007dc        -       0x00000558   Zero   RW          580    .bss                usart.o
    0x24000d34        -       0x0000004c   Zero   RW          838    .bss                stm32h7xx_hal_timebase_tim.o
    0x24000d80        -       0x0000009e   Zero   RW         6297    .bss                upper_pc_protocol.o
    0x24000e1e   COMPRESSED   0x00000002   PAD
    0x24000e20        -       0x00000040   Zero   RW         6676    .bss                queue.o
    0x24000e60        -       0x000004c4   Zero   RW         7129    .bss                tasks.o
    0x24001324        -       0x00000118   Zero   RW         7479    .bss                timers.o
    0x2400143c        -       0x000006b8   Zero   RW         7727    .bss                cmsis_os2.o
    0x24001af4        -       0x00003c00   Zero   RW         8187    .bss                heap_4.o
    0x240056f4        -       0x00000009   Zero   RW         8379    .bss                bsp_uart.o
    0x240056fd   COMPRESSED   0x00000003   PAD
    0x24005700        -       0x00000b6c   Zero   RW         8592    .bss                chassis.o
    0x2400626c        -       0x0000048c   Zero   RW         8651    .bss                kfs.o
    0x240066f8        -       0x00000288   Zero   RW         8694    .bss                lift.o
    0x24006980        -       0x00000308   Zero   RW         8778    .bss                weapon.o
    0x24006c88        -       0x0000002c   Zero   RW         8947    .bss                auto_mode.o
    0x24006cb4        -       0x00000018   Zero   RW         9112    .bss                sensor_task.o
    0x24006ccc        -       0x00000084   Zero   RW         9157    .bss                remote_control.o
    0x24006d50        -       0x00000024   Zero   RW         9401    .bss                arm.o
    0x24006d74        -       0x0000071c   Zero   RW         9454    .bss                policy.o
    0x24007490        -       0x00001000   Zero   RW         9524    .bss                usbd_cdc_if.o
    0x24008490        -       0x000002dc   Zero   RW         9601    .bss                usb_device.o
    0x2400876c        -       0x00000200   Zero   RW         9649    .bss                usbd_desc.o
    0x2400896c        -       0x00000704   Zero   RW         9757    .bss                usbd_conf.o
    0x24009070        -       0x00000400   Zero   RW            1    STACK               startup_stm32h723xx.o


==============================================================================

Image component sizes


      Code (inc. data)   RO Data    RW Data    ZI Data      Debug   Object Name

      9008        832          0         28         36       6004   arm.o
     10648       1110          0        128         44       8169   auto_mode.o
       796        128          0        108          0       4055   bsp_can.o
      2192         86          0          5          9       6095   bsp_uart.o
      3440        354          0          0          0       3292   can_task.o
      4204        384          0        116       2924       8821   chassis.o
       490         34          0          4       1720      71347   cmsis_os2.o
        72         14          0          0          0        591   common.o
      1002         92          0         20          0       6021   cowork.o
       608         18          0         12          0       4735   dji_motor.o
      1884        132          0         12          0      11594   dm_motor.o
       100          4          0          0          0        990   dma.o
         0          0          0          0          0      24420   event_groups.o
       920         56          0          4        480       3781   fdcan.o
       162         62        237         20          0       6608   freertos.o
        38          0          0          0          0       3155   global.o
       328         16          0          0          0       1303   gpio.o
       684         60          0         28      15360       5875   heap_4.o
       428         52          0          0       1164       4567   kfs.o
       924         76          0          4        648       3997   lift.o
       124          0          0          0          0       3357   list.o
       526         28          0          0          0    1258022   main.o
       134         20          0          0          0       2311   motor.o
      1040         86          0         72          0       6130   motor_control.o
         0          0          0          0          0       2688   mpu_wrappers_v2.o
       774         20          0          0          0       8480   pid.o
      1784        114          8         40       1820      10064   policy.o
       894         78          0         12          0      11564   port.o
      1140         16          0          0         64      14349   queue.o
      1120        144          0          0          0       2928   register.o
      1410         34          0         80        132       9548   remote_control.o
        88         18          0          0         24       1827   sensor_task.o
        44         12        716          0       1024        880   startup_stm32h723xx.o
       172         34          0          9          0      23330   stm32h7xx_hal.o
       422         40          0          0          0      41012   stm32h7xx_hal_cortex.o
      8650        164          8          0          0      13890   stm32h7xx_hal_dma.o
      1036         22          0          0          0       2793   stm32h7xx_hal_dma_ex.o
      3610         52         92          0          0      24056   stm32h7xx_hal_fdcan.o
       520         48          0          0          0       2368   stm32h7xx_hal_gpio.o
        48          6          0          0          0       1022   stm32h7xx_hal_msp.o
      3670         16          0          0          0      14564   stm32h7xx_hal_pcd.o
       130          4          0          0          0       3413   stm32h7xx_hal_pcd_ex.o
       116         12          0          0          0       1430   stm32h7xx_hal_pwr_ex.o
      3496        120          0          0          0       7949   stm32h7xx_hal_rcc.o
      5140        112          0          0          0       7637   stm32h7xx_hal_rcc_ex.o
      3502        386          0          0          0      20217   stm32h7xx_hal_tim.o
       434         46          0          0          0       4420   stm32h7xx_hal_tim_ex.o
       148         20          0          0         76       1727   stm32h7xx_hal_timebase_tim.o
      5000        188         24          0          0      36908   stm32h7xx_hal_uart.o
       512         14         16          0          0       6877   stm32h7xx_hal_uart_ex.o
       570        108          0          0          0      13222   stm32h7xx_it.o
      4064         90          0          0          0      24400   stm32h7xx_ll_usb.o
       230         26          0          0          0       3083   structure.o
       304         38         16          8          0       2061   system_stm32h7xx.o
      3262        338          0         64       1220      31938   tasks.o
      1236         82          0          0        380       5986   tim.o
        72         14          0         10          0       1728   timer.o
      1058        120          0         20        280      35008   timers.o
      1258        104          0         40        158      11619   upper_pc_protocol.o
      1924        132          0          0       1368       6352   usart.o
        80         16          0          0        732        864   usb_device.o
      1772         52          0        138          0      15145   usbd_cdc.o
       354         56          0         25       4096       7995   usbd_cdc_if.o
       956         30          0          0       1796      18852   usbd_conf.o
      1372          0          0          0          0      17621   usbd_core.o
      2420         22          0          1          0      18836   usbd_ctlreq.o
       386        122          0         94        512       7525   usbd_desc.o
       182          0          0          0          0       5132   usbd_ioreq.o
      1292        136          0         32        776       4222   weapon.o

    ----------------------------------------------------------------------
    106482       6850       1152       1148      36848    1962770   Object Totals
         0          0         32          0          0          0   (incl. Generated)
        78          0          3         14          5          0   (incl. Padding)

    ----------------------------------------------------------------------

      Code (inc. data)   RO Data    RW Data    ZI Data      Debug   Library Member Name

       292         58          0          0          0        176   acosf.o
       692         98          0          0          0        208   atan2f.o
       224         42         48          0          0        184   cos_i.o
       336         60          0          0          0        136   cosf.o
        48         28          0          0          0        232   dunder.o
        24          0          0          0          0        124   fabs.o
       252          6          0          0          0        144   fmod.o
        48          0          0          0          0        124   fpclassify.o
        38          0          0          0          0        116   fpclassifyf.o
        44         12          0          0          0        464   funder.o
       112          0          0          0          0        116   poly.o
       160         24          0          0          0        132   round.o
       784        138        200          0          0        172   rred.o
       340         24         32          0          0        160   rredf.o
       176         18          0          0          0        160   sin.o
       168         24         40          0          0        196   sin_i.o
       404         60          0          0          0        212   sinf.o
       102          0          0          0          0        140   sqrt.o
       120          0          0          0          0        272   sqrtf.o
        86          0          0          0          0          0   __dczerorl2.o
         0          0          0          0          0          0   entry.o
         0          0          0          0          0          0   entry10a.o
         0          0          0          0          0          0   entry11a.o
         4          0          0          0          0          0   entry12b.o
         8          4          0          0          0          0   entry2.o
         4          0          0          0          0          0   entry5.o
         0          0          0          0          0          0   entry7b.o
         0          0          0          0          0          0   entry8b.o
         8          4          0          0          0          0   entry9a.o
        12          6          0          4          0         68   errno.o
        30          0          0          0          0          0   handlers.o
        36          8          0          0          0         68   init.o
         0          0          0          0          0          0   iusefp.o
        30          0          0          0          0         68   llshl.o
        32          0          0          0          0         68   llushr.o
        36          0          0          0          0         68   memcpya.o
        36          0          0          0          0        108   memseta.o
        98          0          0          0          0         92   uldiv.o
       186          0          0          0          0        176   depilogue.o
       134          0          0          0          0         96   drem.o
       136          4          0          0          0         92   drnd.o

    ----------------------------------------------------------------------
      5250        618        320          4          0       4372   Library Totals
        10          0          0          0          0          0   (incl. Padding)

    ----------------------------------------------------------------------

      Code (inc. data)   RO Data    RW Data    ZI Data      Debug   Library Name

      4364        592        320          0          0       3468   m_wv.l
       420         22          0          4          0        540   mc_w.l
       456          4          0          0          0        364   mf_w.l

    ----------------------------------------------------------------------
      5250        618        320          4          0       4372   Library Totals

    ----------------------------------------------------------------------

==============================================================================


      Code (inc. data)   RO Data    RW Data    ZI Data      Debug   

    111732       7468       1472       1152      36848    1915862   Grand Totals
    111732       7468       1472        364      36848    1915862   ELF Image Totals (compressed)
    111732       7468       1472        364          0          0   ROM Totals

==============================================================================

    Total RO  Size (Code + RO Data)               113204 ( 110.55kB)
    Total RW  Size (RW Data + ZI Data)             38000 (  37.11kB)
    Total ROM Size (Code + RO Data + RW Data)     113568 ( 110.91kB)

==============================================================================

